nohup: ignorando entrada
=== AcTBeCalf ablation start: dom 17 mai 2026 17:05:53 -03 ===

=== P0: Supervised baselines (full finetune) ===
2026-05-17 17:05:55,230 INFO Run dir: pretrain_ablations/runs/actbecalf_sup_cnn
2026-05-17 17:05:55,460 INFO Data: actbecalf_windowed | num_classes=16 C_in=3 T=75
2026-05-17 17:05:55,461 INFO Device: cuda
2026-05-17 17:05:55,540 INFO Encoder params: 99,648
2026-05-17 17:05:57,225 INFO Ep 001 | tr_loss=2.1158 tr_acc=0.321 | vl_loss=2.0779 vl_acc=0.278
2026-05-17 17:05:57,833 INFO Ep 002 | tr_loss=1.8421 tr_acc=0.425 | vl_loss=2.0934 vl_acc=0.345
2026-05-17 17:05:58,456 INFO Ep 003 | tr_loss=1.7720 tr_acc=0.429 | vl_loss=2.2603 vl_acc=0.223
2026-05-17 17:05:59,062 INFO Ep 004 | tr_loss=1.7064 tr_acc=0.456 | vl_loss=2.0705 vl_acc=0.346
2026-05-17 17:05:59,663 INFO Ep 005 | tr_loss=1.6677 tr_acc=0.462 | vl_loss=2.1159 vl_acc=0.337
2026-05-17 17:06:00,270 INFO Ep 006 | tr_loss=1.6441 tr_acc=0.486 | vl_loss=2.0234 vl_acc=0.381
2026-05-17 17:06:00,869 INFO Ep 007 | tr_loss=1.6284 tr_acc=0.486 | vl_loss=2.2028 vl_acc=0.255
2026-05-17 17:06:01,486 INFO Ep 008 | tr_loss=1.5763 tr_acc=0.501 | vl_loss=2.0777 vl_acc=0.347
2026-05-17 17:06:02,093 INFO Ep 009 | tr_loss=1.5657 tr_acc=0.502 | vl_loss=2.0341 vl_acc=0.314
2026-05-17 17:06:02,693 INFO Ep 010 | tr_loss=1.5232 tr_acc=0.505 | vl_loss=2.2004 vl_acc=0.301
2026-05-17 17:06:03,283 INFO Ep 011 | tr_loss=1.5267 tr_acc=0.519 | vl_loss=2.1586 vl_acc=0.269
2026-05-17 17:06:03,898 INFO Ep 012 | tr_loss=1.4841 tr_acc=0.519 | vl_loss=2.0470 vl_acc=0.359
2026-05-17 17:06:04,479 INFO Ep 013 | tr_loss=1.4255 tr_acc=0.542 | vl_loss=2.0850 vl_acc=0.359
2026-05-17 17:06:05,089 INFO Ep 014 | tr_loss=1.3918 tr_acc=0.547 | vl_loss=2.1734 vl_acc=0.320
2026-05-17 17:06:05,694 INFO Ep 015 | tr_loss=1.3695 tr_acc=0.561 | vl_loss=2.0591 vl_acc=0.359
2026-05-17 17:06:06,303 INFO Ep 016 | tr_loss=1.3548 tr_acc=0.562 | vl_loss=2.1876 vl_acc=0.357
2026-05-17 17:06:06,886 INFO Ep 017 | tr_loss=1.3351 tr_acc=0.563 | vl_loss=2.1757 vl_acc=0.362
2026-05-17 17:06:07,487 INFO Ep 018 | tr_loss=1.3459 tr_acc=0.567 | vl_loss=2.0378 vl_acc=0.386
2026-05-17 17:06:08,097 INFO Ep 019 | tr_loss=1.2770 tr_acc=0.587 | vl_loss=2.1539 vl_acc=0.339
2026-05-17 17:06:08,706 INFO Ep 020 | tr_loss=1.2684 tr_acc=0.584 | vl_loss=2.0969 vl_acc=0.371
2026-05-17 17:06:09,305 INFO Ep 021 | tr_loss=1.2443 tr_acc=0.591 | vl_loss=2.1847 vl_acc=0.374
2026-05-17 17:06:09,906 INFO Ep 022 | tr_loss=1.2278 tr_acc=0.603 | vl_loss=2.2153 vl_acc=0.322
2026-05-17 17:06:10,520 INFO Ep 023 | tr_loss=1.2170 tr_acc=0.602 | vl_loss=2.2789 vl_acc=0.364
2026-05-17 17:06:11,135 INFO Ep 024 | tr_loss=1.2177 tr_acc=0.601 | vl_loss=2.1785 vl_acc=0.376
2026-05-17 17:06:11,733 INFO Ep 025 | tr_loss=1.2015 tr_acc=0.615 | vl_loss=2.1620 vl_acc=0.375
2026-05-17 17:06:12,338 INFO Ep 026 | tr_loss=1.1853 tr_acc=0.619 | vl_loss=2.2763 vl_acc=0.367
2026-05-17 17:06:12,944 INFO Ep 027 | tr_loss=1.1743 tr_acc=0.616 | vl_loss=2.1181 vl_acc=0.381
2026-05-17 17:06:13,542 INFO Ep 028 | tr_loss=1.1663 tr_acc=0.618 | vl_loss=2.1952 vl_acc=0.388
2026-05-17 17:06:14,151 INFO Ep 029 | tr_loss=1.1611 tr_acc=0.625 | vl_loss=2.1354 vl_acc=0.386
2026-05-17 17:06:14,758 INFO Ep 030 | tr_loss=1.1494 tr_acc=0.623 | vl_loss=2.0794 vl_acc=0.422
2026-05-17 17:06:15,369 INFO Ep 031 | tr_loss=1.1421 tr_acc=0.634 | vl_loss=2.1561 vl_acc=0.378
2026-05-17 17:06:15,973 INFO Ep 032 | tr_loss=1.1316 tr_acc=0.632 | vl_loss=2.2758 vl_acc=0.365
2026-05-17 17:06:16,590 INFO Ep 033 | tr_loss=1.1343 tr_acc=0.633 | vl_loss=2.1268 vl_acc=0.433
2026-05-17 17:06:17,201 INFO Ep 034 | tr_loss=1.1354 tr_acc=0.633 | vl_loss=2.1199 vl_acc=0.386
2026-05-17 17:06:17,805 INFO Ep 035 | tr_loss=1.1194 tr_acc=0.634 | vl_loss=2.1778 vl_acc=0.379
2026-05-17 17:06:18,398 INFO Ep 036 | tr_loss=1.1323 tr_acc=0.631 | vl_loss=2.1467 vl_acc=0.393
2026-05-17 17:06:19,011 INFO Ep 037 | tr_loss=1.1139 tr_acc=0.636 | vl_loss=2.1562 vl_acc=0.405
2026-05-17 17:06:19,618 INFO Ep 038 | tr_loss=1.1103 tr_acc=0.639 | vl_loss=2.1859 vl_acc=0.387
2026-05-17 17:06:20,225 INFO Ep 039 | tr_loss=1.0972 tr_acc=0.637 | vl_loss=2.1799 vl_acc=0.383
2026-05-17 17:06:20,842 INFO Ep 040 | tr_loss=1.1090 tr_acc=0.640 | vl_loss=2.1680 vl_acc=0.376
2026-05-17 17:06:21,449 INFO Ep 041 | tr_loss=1.1074 tr_acc=0.641 | vl_loss=2.1637 vl_acc=0.379
2026-05-17 17:06:22,054 INFO Ep 042 | tr_loss=1.1158 tr_acc=0.635 | vl_loss=2.1467 vl_acc=0.375
2026-05-17 17:06:22,662 INFO Ep 043 | tr_loss=1.1001 tr_acc=0.639 | vl_loss=2.1212 vl_acc=0.390
2026-05-17 17:06:23,275 INFO Ep 044 | tr_loss=1.0935 tr_acc=0.645 | vl_loss=2.1371 vl_acc=0.390
2026-05-17 17:06:23,877 INFO Ep 045 | tr_loss=1.0957 tr_acc=0.641 | vl_loss=2.1769 vl_acc=0.388
2026-05-17 17:06:24,485 INFO Ep 046 | tr_loss=1.1006 tr_acc=0.642 | vl_loss=2.1331 vl_acc=0.409
2026-05-17 17:06:25,089 INFO Ep 047 | tr_loss=1.1056 tr_acc=0.641 | vl_loss=2.1445 vl_acc=0.405
2026-05-17 17:06:25,705 INFO Ep 048 | tr_loss=1.0904 tr_acc=0.645 | vl_loss=2.1588 vl_acc=0.401
2026-05-17 17:06:25,705 INFO Early stop at epoch 48
2026-05-17 17:06:25,709 INFO Finetune best val_acc=0.433
2026-05-17 17:06:27,358 INFO 
Done. actbecalf_sup_cnn | dataset=actbecalf_windowed | encoder=cnn_tfc | method=supervised | finetune=full | seed=2026 | acc=0.4819 | macro_f1=0.3017
2026-05-17 17:06:29,573 INFO Run dir: pretrain_ablations/runs/actbecalf_sup_resnet
2026-05-17 17:06:29,799 INFO Data: actbecalf_windowed | num_classes=16 C_in=3 T=75
2026-05-17 17:06:29,799 INFO Device: cuda
2026-05-17 17:06:29,871 INFO Encoder params: 84,288
2026-05-17 17:06:31,843 INFO Ep 001 | tr_loss=2.0748 tr_acc=0.350 | vl_loss=2.5170 vl_acc=0.309
2026-05-17 17:06:32,721 INFO Ep 002 | tr_loss=1.8440 tr_acc=0.414 | vl_loss=2.1581 vl_acc=0.363
2026-05-17 17:06:33,602 INFO Ep 003 | tr_loss=1.6930 tr_acc=0.470 | vl_loss=2.1853 vl_acc=0.353
2026-05-17 17:06:34,471 INFO Ep 004 | tr_loss=1.5898 tr_acc=0.492 | vl_loss=2.1122 vl_acc=0.332
2026-05-17 17:06:35,349 INFO Ep 005 | tr_loss=1.5432 tr_acc=0.503 | vl_loss=2.1046 vl_acc=0.363
2026-05-17 17:06:36,236 INFO Ep 006 | tr_loss=1.5008 tr_acc=0.532 | vl_loss=2.2153 vl_acc=0.363
2026-05-17 17:06:37,120 INFO Ep 007 | tr_loss=1.4771 tr_acc=0.536 | vl_loss=2.3553 vl_acc=0.263
2026-05-17 17:06:37,996 INFO Ep 008 | tr_loss=1.4331 tr_acc=0.531 | vl_loss=1.9723 vl_acc=0.381
2026-05-17 17:06:38,883 INFO Ep 009 | tr_loss=1.3872 tr_acc=0.539 | vl_loss=1.9847 vl_acc=0.374
2026-05-17 17:06:39,744 INFO Ep 010 | tr_loss=1.3731 tr_acc=0.565 | vl_loss=2.0654 vl_acc=0.316
2026-05-17 17:06:40,621 INFO Ep 011 | tr_loss=1.3228 tr_acc=0.563 | vl_loss=2.0400 vl_acc=0.372
2026-05-17 17:06:41,497 INFO Ep 012 | tr_loss=1.2680 tr_acc=0.595 | vl_loss=2.2192 vl_acc=0.338
2026-05-17 17:06:42,382 INFO Ep 013 | tr_loss=1.2747 tr_acc=0.588 | vl_loss=1.9537 vl_acc=0.392
2026-05-17 17:06:43,262 INFO Ep 014 | tr_loss=1.2426 tr_acc=0.594 | vl_loss=2.3213 vl_acc=0.358
2026-05-17 17:06:44,128 INFO Ep 015 | tr_loss=1.2487 tr_acc=0.590 | vl_loss=2.2975 vl_acc=0.293
2026-05-17 17:06:45,004 INFO Ep 016 | tr_loss=1.1949 tr_acc=0.614 | vl_loss=2.1366 vl_acc=0.383
2026-05-17 17:06:45,877 INFO Ep 017 | tr_loss=1.1835 tr_acc=0.609 | vl_loss=2.1011 vl_acc=0.376
2026-05-17 17:06:46,759 INFO Ep 018 | tr_loss=1.1809 tr_acc=0.619 | vl_loss=2.1984 vl_acc=0.394
2026-05-17 17:06:47,619 INFO Ep 019 | tr_loss=1.1494 tr_acc=0.617 | vl_loss=2.1332 vl_acc=0.405
2026-05-17 17:06:48,521 INFO Ep 020 | tr_loss=1.0417 tr_acc=0.652 | vl_loss=2.2063 vl_acc=0.388
2026-05-17 17:06:49,370 INFO Ep 021 | tr_loss=1.0105 tr_acc=0.662 | vl_loss=2.5434 vl_acc=0.408
2026-05-17 17:06:50,245 INFO Ep 022 | tr_loss=1.0019 tr_acc=0.660 | vl_loss=2.5392 vl_acc=0.400
2026-05-17 17:06:51,114 INFO Ep 023 | tr_loss=0.9849 tr_acc=0.675 | vl_loss=2.5604 vl_acc=0.370
2026-05-17 17:06:51,986 INFO Ep 024 | tr_loss=0.9794 tr_acc=0.670 | vl_loss=2.4735 vl_acc=0.357
2026-05-17 17:06:52,847 INFO Ep 025 | tr_loss=0.9562 tr_acc=0.679 | vl_loss=2.3635 vl_acc=0.410
2026-05-17 17:06:53,738 INFO Ep 026 | tr_loss=0.8903 tr_acc=0.698 | vl_loss=2.4693 vl_acc=0.397
2026-05-17 17:06:54,594 INFO Ep 027 | tr_loss=0.8813 tr_acc=0.700 | vl_loss=2.4702 vl_acc=0.397
2026-05-17 17:06:55,495 INFO Ep 028 | tr_loss=0.8726 tr_acc=0.700 | vl_loss=2.3809 vl_acc=0.397
2026-05-17 17:06:56,368 INFO Ep 029 | tr_loss=0.8702 tr_acc=0.703 | vl_loss=2.7008 vl_acc=0.384
2026-05-17 17:06:57,254 INFO Ep 030 | tr_loss=0.8541 tr_acc=0.710 | vl_loss=2.5634 vl_acc=0.418
2026-05-17 17:06:58,152 INFO Ep 031 | tr_loss=0.8343 tr_acc=0.709 | vl_loss=2.7244 vl_acc=0.387
2026-05-17 17:06:59,055 INFO Ep 032 | tr_loss=0.8206 tr_acc=0.719 | vl_loss=2.7866 vl_acc=0.387
2026-05-17 17:06:59,939 INFO Ep 033 | tr_loss=0.8034 tr_acc=0.724 | vl_loss=2.8074 vl_acc=0.397
2026-05-17 17:07:00,827 INFO Ep 034 | tr_loss=0.7822 tr_acc=0.729 | vl_loss=2.8402 vl_acc=0.390
2026-05-17 17:07:01,701 INFO Ep 035 | tr_loss=0.7782 tr_acc=0.729 | vl_loss=2.7512 vl_acc=0.406
2026-05-17 17:07:02,570 INFO Ep 036 | tr_loss=0.7795 tr_acc=0.728 | vl_loss=2.7040 vl_acc=0.398
2026-05-17 17:07:03,429 INFO Ep 037 | tr_loss=0.7644 tr_acc=0.730 | vl_loss=2.7708 vl_acc=0.400
2026-05-17 17:07:04,301 INFO Ep 038 | tr_loss=0.7526 tr_acc=0.734 | vl_loss=2.8121 vl_acc=0.398
2026-05-17 17:07:05,203 INFO Ep 039 | tr_loss=0.7446 tr_acc=0.740 | vl_loss=2.8435 vl_acc=0.405
2026-05-17 17:07:06,097 INFO Ep 040 | tr_loss=0.7444 tr_acc=0.739 | vl_loss=2.8392 vl_acc=0.391
2026-05-17 17:07:06,996 INFO Ep 041 | tr_loss=0.7346 tr_acc=0.739 | vl_loss=2.8314 vl_acc=0.410
2026-05-17 17:07:07,866 INFO Ep 042 | tr_loss=0.7310 tr_acc=0.740 | vl_loss=2.9782 vl_acc=0.390
2026-05-17 17:07:08,759 INFO Ep 043 | tr_loss=0.7315 tr_acc=0.742 | vl_loss=2.8490 vl_acc=0.400
2026-05-17 17:07:09,649 INFO Ep 044 | tr_loss=0.7257 tr_acc=0.738 | vl_loss=2.9272 vl_acc=0.399
2026-05-17 17:07:10,522 INFO Ep 045 | tr_loss=0.7170 tr_acc=0.744 | vl_loss=2.8475 vl_acc=0.400
2026-05-17 17:07:10,522 INFO Early stop at epoch 45
2026-05-17 17:07:10,526 INFO Finetune best val_acc=0.418
2026-05-17 17:07:12,234 INFO 
Done. actbecalf_sup_resnet | dataset=actbecalf_windowed | encoder=resnet1d | method=supervised | finetune=full | seed=2026 | acc=0.4815 | macro_f1=0.2885
2026-05-17 17:07:14,445 INFO Run dir: pretrain_ablations/runs/actbecalf_sup_ptst
2026-05-17 17:07:14,671 INFO Data: actbecalf_windowed | num_classes=16 C_in=3 T=75
2026-05-17 17:07:14,671 INFO Device: cuda
2026-05-17 17:07:16,079 INFO Encoder params: 597,504
2026-05-17 17:07:19,303 INFO Ep 001 | tr_loss=2.5674 tr_acc=0.312 | vl_loss=2.6330 vl_acc=0.135
2026-05-17 17:07:22,011 INFO Ep 002 | tr_loss=2.3924 tr_acc=0.350 | vl_loss=2.3556 vl_acc=0.250
2026-05-17 17:07:24,724 INFO Ep 003 | tr_loss=2.3253 tr_acc=0.373 | vl_loss=2.2835 vl_acc=0.289
2026-05-17 17:07:27,457 INFO Ep 004 | tr_loss=2.2774 tr_acc=0.389 | vl_loss=2.3170 vl_acc=0.284
2026-05-17 17:07:30,161 INFO Ep 005 | tr_loss=2.2136 tr_acc=0.407 | vl_loss=2.3356 vl_acc=0.278
2026-05-17 17:07:32,887 INFO Ep 006 | tr_loss=2.2128 tr_acc=0.397 | vl_loss=2.1897 vl_acc=0.315
2026-05-17 17:07:35,604 INFO Ep 007 | tr_loss=2.1494 tr_acc=0.399 | vl_loss=2.2650 vl_acc=0.264
2026-05-17 17:07:38,322 INFO Ep 008 | tr_loss=2.1163 tr_acc=0.412 | vl_loss=2.1296 vl_acc=0.298
2026-05-17 17:07:41,058 INFO Ep 009 | tr_loss=2.1130 tr_acc=0.403 | vl_loss=2.1831 vl_acc=0.306
2026-05-17 17:07:43,785 INFO Ep 010 | tr_loss=2.0794 tr_acc=0.419 | vl_loss=2.1907 vl_acc=0.273
2026-05-17 17:07:46,532 INFO Ep 011 | tr_loss=2.0500 tr_acc=0.418 | vl_loss=2.1214 vl_acc=0.312
2026-05-17 17:07:49,260 INFO Ep 012 | tr_loss=2.0533 tr_acc=0.415 | vl_loss=2.0765 vl_acc=0.326
2026-05-17 17:07:52,012 INFO Ep 013 | tr_loss=2.0605 tr_acc=0.420 | vl_loss=2.1464 vl_acc=0.281
2026-05-17 17:07:54,743 INFO Ep 014 | tr_loss=2.0192 tr_acc=0.427 | vl_loss=2.2180 vl_acc=0.274
2026-05-17 17:07:57,487 INFO Ep 015 | tr_loss=2.0031 tr_acc=0.425 | vl_loss=2.1585 vl_acc=0.295
2026-05-17 17:08:00,228 INFO Ep 016 | tr_loss=1.9992 tr_acc=0.428 | vl_loss=2.1607 vl_acc=0.266
2026-05-17 17:08:02,978 INFO Ep 017 | tr_loss=2.0018 tr_acc=0.444 | vl_loss=2.1953 vl_acc=0.239
2026-05-17 17:08:05,723 INFO Ep 018 | tr_loss=1.9876 tr_acc=0.436 | vl_loss=2.0850 vl_acc=0.331
2026-05-17 17:08:08,468 INFO Ep 019 | tr_loss=1.9135 tr_acc=0.444 | vl_loss=2.1026 vl_acc=0.332
2026-05-17 17:08:11,211 INFO Ep 020 | tr_loss=1.8754 tr_acc=0.438 | vl_loss=2.0828 vl_acc=0.313
2026-05-17 17:08:13,951 INFO Ep 021 | tr_loss=1.8629 tr_acc=0.456 | vl_loss=2.0800 vl_acc=0.303
2026-05-17 17:08:16,702 INFO Ep 022 | tr_loss=1.8618 tr_acc=0.444 | vl_loss=2.1183 vl_acc=0.328
2026-05-17 17:08:19,454 INFO Ep 023 | tr_loss=1.8367 tr_acc=0.452 | vl_loss=2.0104 vl_acc=0.348
2026-05-17 17:08:22,215 INFO Ep 024 | tr_loss=1.8384 tr_acc=0.449 | vl_loss=2.0740 vl_acc=0.322
2026-05-17 17:08:24,958 INFO Ep 025 | tr_loss=1.8273 tr_acc=0.461 | vl_loss=2.1619 vl_acc=0.310
2026-05-17 17:08:27,714 INFO Ep 026 | tr_loss=1.8058 tr_acc=0.460 | vl_loss=2.1282 vl_acc=0.321
2026-05-17 17:08:30,462 INFO Ep 027 | tr_loss=1.8046 tr_acc=0.456 | vl_loss=2.1833 vl_acc=0.296
2026-05-17 17:08:33,203 INFO Ep 028 | tr_loss=1.7946 tr_acc=0.458 | vl_loss=2.0863 vl_acc=0.342
2026-05-17 17:08:35,941 INFO Ep 029 | tr_loss=1.7880 tr_acc=0.463 | vl_loss=2.1076 vl_acc=0.323
2026-05-17 17:08:38,692 INFO Ep 030 | tr_loss=1.7472 tr_acc=0.466 | vl_loss=2.0818 vl_acc=0.325
2026-05-17 17:08:41,442 INFO Ep 031 | tr_loss=1.7235 tr_acc=0.466 | vl_loss=2.1128 vl_acc=0.328
2026-05-17 17:08:44,219 INFO Ep 032 | tr_loss=1.7046 tr_acc=0.471 | vl_loss=2.1159 vl_acc=0.329
2026-05-17 17:08:46,979 INFO Ep 033 | tr_loss=1.6943 tr_acc=0.473 | vl_loss=2.1322 vl_acc=0.323
2026-05-17 17:08:49,729 INFO Ep 034 | tr_loss=1.6889 tr_acc=0.475 | vl_loss=2.1349 vl_acc=0.333
2026-05-17 17:08:52,484 INFO Ep 035 | tr_loss=1.6790 tr_acc=0.476 | vl_loss=2.1375 vl_acc=0.326
2026-05-17 17:08:55,237 INFO Ep 036 | tr_loss=1.6440 tr_acc=0.476 | vl_loss=2.1476 vl_acc=0.332
2026-05-17 17:08:57,996 INFO Ep 037 | tr_loss=1.6306 tr_acc=0.478 | vl_loss=2.1655 vl_acc=0.325
2026-05-17 17:09:00,764 INFO Ep 038 | tr_loss=1.6329 tr_acc=0.476 | vl_loss=2.1837 vl_acc=0.325
2026-05-17 17:09:00,764 INFO Early stop at epoch 38
2026-05-17 17:09:00,771 INFO Finetune best val_acc=0.348
2026-05-17 17:09:02,999 INFO 
Done. actbecalf_sup_ptst | dataset=actbecalf_windowed | encoder=patchtst | method=supervised | finetune=full | seed=2026 | acc=0.4876 | macro_f1=0.2423
2026-05-17 17:09:05,279 INFO Run dir: pretrain_ablations/runs/actbecalf_sup_pmix
2026-05-17 17:09:05,503 INFO Data: actbecalf_windowed | num_classes=16 C_in=3 T=75
2026-05-17 17:09:05,503 INFO Device: cuda
2026-05-17 17:09:06,852 INFO Encoder params: 253,155
2026-05-17 17:09:09,637 INFO Ep 001 | tr_loss=2.5141 tr_acc=0.338 | vl_loss=2.2733 vl_acc=0.326
2026-05-17 17:09:11,930 INFO Ep 002 | tr_loss=2.2570 tr_acc=0.419 | vl_loss=2.3412 vl_acc=0.279
2026-05-17 17:09:14,213 INFO Ep 003 | tr_loss=2.1864 tr_acc=0.431 | vl_loss=2.3315 vl_acc=0.282
2026-05-17 17:09:16,513 INFO Ep 004 | tr_loss=2.1256 tr_acc=0.421 | vl_loss=2.3096 vl_acc=0.317
2026-05-17 17:09:18,830 INFO Ep 005 | tr_loss=2.0904 tr_acc=0.435 | vl_loss=2.1209 vl_acc=0.330
2026-05-17 17:09:21,131 INFO Ep 006 | tr_loss=2.0479 tr_acc=0.431 | vl_loss=2.1561 vl_acc=0.328
2026-05-17 17:09:23,429 INFO Ep 007 | tr_loss=2.0207 tr_acc=0.436 | vl_loss=2.1191 vl_acc=0.308
2026-05-17 17:09:25,719 INFO Ep 008 | tr_loss=1.9685 tr_acc=0.443 | vl_loss=2.1614 vl_acc=0.280
2026-05-17 17:09:28,017 INFO Ep 009 | tr_loss=1.9657 tr_acc=0.438 | vl_loss=2.1570 vl_acc=0.334
2026-05-17 17:09:30,351 INFO Ep 010 | tr_loss=1.9371 tr_acc=0.443 | vl_loss=2.0502 vl_acc=0.344
2026-05-17 17:09:32,653 INFO Ep 011 | tr_loss=1.8902 tr_acc=0.451 | vl_loss=2.0110 vl_acc=0.341
2026-05-17 17:09:34,956 INFO Ep 012 | tr_loss=1.8870 tr_acc=0.453 | vl_loss=2.1997 vl_acc=0.294
2026-05-17 17:09:37,246 INFO Ep 013 | tr_loss=1.8448 tr_acc=0.454 | vl_loss=2.2432 vl_acc=0.293
2026-05-17 17:09:39,540 INFO Ep 014 | tr_loss=1.8317 tr_acc=0.458 | vl_loss=2.1268 vl_acc=0.261
2026-05-17 17:09:41,839 INFO Ep 015 | tr_loss=1.8152 tr_acc=0.453 | vl_loss=2.0924 vl_acc=0.324
2026-05-17 17:09:44,132 INFO Ep 016 | tr_loss=1.7939 tr_acc=0.451 | vl_loss=2.1191 vl_acc=0.339
2026-05-17 17:09:46,422 INFO Ep 017 | tr_loss=1.7708 tr_acc=0.456 | vl_loss=2.0125 vl_acc=0.308
2026-05-17 17:09:48,731 INFO Ep 018 | tr_loss=1.6865 tr_acc=0.473 | vl_loss=2.0917 vl_acc=0.337
2026-05-17 17:09:51,058 INFO Ep 019 | tr_loss=1.6690 tr_acc=0.479 | vl_loss=2.0502 vl_acc=0.335
2026-05-17 17:09:53,356 INFO Ep 020 | tr_loss=1.6418 tr_acc=0.484 | vl_loss=2.1202 vl_acc=0.324
2026-05-17 17:09:55,658 INFO Ep 021 | tr_loss=1.6274 tr_acc=0.487 | vl_loss=2.1350 vl_acc=0.341
2026-05-17 17:09:57,959 INFO Ep 022 | tr_loss=1.6007 tr_acc=0.484 | vl_loss=2.1746 vl_acc=0.348
2026-05-17 17:10:00,284 INFO Ep 023 | tr_loss=1.5820 tr_acc=0.488 | vl_loss=2.2489 vl_acc=0.331
2026-05-17 17:10:02,586 INFO Ep 024 | tr_loss=1.5406 tr_acc=0.497 | vl_loss=2.1524 vl_acc=0.341
2026-05-17 17:10:04,883 INFO Ep 025 | tr_loss=1.5232 tr_acc=0.502 | vl_loss=2.2127 vl_acc=0.336
2026-05-17 17:10:07,194 INFO Ep 026 | tr_loss=1.5087 tr_acc=0.504 | vl_loss=2.2455 vl_acc=0.325
2026-05-17 17:10:09,496 INFO Ep 027 | tr_loss=1.4880 tr_acc=0.496 | vl_loss=2.1735 vl_acc=0.354
2026-05-17 17:10:11,806 INFO Ep 028 | tr_loss=1.4860 tr_acc=0.509 | vl_loss=2.1996 vl_acc=0.339
2026-05-17 17:10:14,115 INFO Ep 029 | tr_loss=1.4776 tr_acc=0.507 | vl_loss=2.2573 vl_acc=0.322
2026-05-17 17:10:16,429 INFO Ep 030 | tr_loss=1.4561 tr_acc=0.506 | vl_loss=2.2875 vl_acc=0.332
2026-05-17 17:10:18,736 INFO Ep 031 | tr_loss=1.4352 tr_acc=0.513 | vl_loss=2.2506 vl_acc=0.331
2026-05-17 17:10:21,046 INFO Ep 032 | tr_loss=1.4348 tr_acc=0.515 | vl_loss=2.2660 vl_acc=0.338
2026-05-17 17:10:23,350 INFO Ep 033 | tr_loss=1.4205 tr_acc=0.511 | vl_loss=2.2828 vl_acc=0.335
2026-05-17 17:10:25,653 INFO Ep 034 | tr_loss=1.4201 tr_acc=0.516 | vl_loss=2.2637 vl_acc=0.347
2026-05-17 17:10:27,962 INFO Ep 035 | tr_loss=1.4091 tr_acc=0.521 | vl_loss=2.3034 vl_acc=0.332
2026-05-17 17:10:30,265 INFO Ep 036 | tr_loss=1.3949 tr_acc=0.518 | vl_loss=2.2678 vl_acc=0.341
2026-05-17 17:10:32,566 INFO Ep 037 | tr_loss=1.3868 tr_acc=0.518 | vl_loss=2.2849 vl_acc=0.342
2026-05-17 17:10:34,869 INFO Ep 038 | tr_loss=1.3896 tr_acc=0.521 | vl_loss=2.2986 vl_acc=0.336
2026-05-17 17:10:37,177 INFO Ep 039 | tr_loss=1.3995 tr_acc=0.519 | vl_loss=2.3106 vl_acc=0.347
2026-05-17 17:10:39,487 INFO Ep 040 | tr_loss=1.3809 tr_acc=0.523 | vl_loss=2.3045 vl_acc=0.339
2026-05-17 17:10:41,795 INFO Ep 041 | tr_loss=1.3770 tr_acc=0.524 | vl_loss=2.2918 vl_acc=0.347
2026-05-17 17:10:44,105 INFO Ep 042 | tr_loss=1.3686 tr_acc=0.525 | vl_loss=2.2971 vl_acc=0.347
2026-05-17 17:10:44,105 INFO Early stop at epoch 42
2026-05-17 17:10:44,110 INFO Finetune best val_acc=0.354
2026-05-17 17:10:46,214 INFO 
Done. actbecalf_sup_pmix | dataset=actbecalf_windowed | encoder=patchtsmixer | method=supervised | finetune=full | seed=2026 | acc=0.5398 | macro_f1=0.2692

=== P1: SSL pretraining methods ===
2026-05-17 17:10:48,457 INFO Run dir: pretrain_ablations/runs/actbecalf_mae_ptst
2026-05-17 17:10:48,681 INFO Data: actbecalf_windowed | num_classes=16 C_in=3 T=75
2026-05-17 17:10:48,681 INFO Device: cuda
2026-05-17 17:10:50,057 INFO Encoder params: 597,504
2026-05-17 17:10:53,226 INFO Pretrain Ep 001/100 loss=0.8316 knn=0.476 (chance=0.062)
2026-05-17 17:10:55,825 INFO Pretrain Ep 002/100 loss=0.7960
2026-05-17 17:10:58,430 INFO Pretrain Ep 003/100 loss=0.7916
2026-05-17 17:11:01,023 INFO Pretrain Ep 004/100 loss=0.7870
2026-05-17 17:11:03,813 INFO Pretrain Ep 005/100 loss=0.7853 knn=0.476 (chance=0.062)
2026-05-17 17:11:06,442 INFO Pretrain Ep 006/100 loss=0.7789
2026-05-17 17:11:09,031 INFO Pretrain Ep 007/100 loss=0.7744
2026-05-17 17:11:11,614 INFO Pretrain Ep 008/100 loss=0.7706
2026-05-17 17:11:14,206 INFO Pretrain Ep 009/100 loss=0.7699
2026-05-17 17:11:17,000 INFO Pretrain Ep 010/100 loss=0.7675 knn=0.476 (chance=0.062)
2026-05-17 17:11:19,614 INFO Pretrain Ep 011/100 loss=0.7642
2026-05-17 17:11:22,216 INFO Pretrain Ep 012/100 loss=0.7635
2026-05-17 17:11:24,817 INFO Pretrain Ep 013/100 loss=0.7607
2026-05-17 17:11:27,425 INFO Pretrain Ep 014/100 loss=0.7623
2026-05-17 17:11:30,249 INFO Pretrain Ep 015/100 loss=0.7591 knn=0.476 (chance=0.062)
2026-05-17 17:11:32,860 INFO Pretrain Ep 016/100 loss=0.7584
2026-05-17 17:11:35,469 INFO Pretrain Ep 017/100 loss=0.7574
2026-05-17 17:11:38,077 INFO Pretrain Ep 018/100 loss=0.7562
2026-05-17 17:11:40,673 INFO Pretrain Ep 019/100 loss=0.7563
2026-05-17 17:11:43,485 INFO Pretrain Ep 020/100 loss=0.7542 knn=0.476 (chance=0.062)
2026-05-17 17:11:46,109 INFO Pretrain Ep 021/100 loss=0.7553
2026-05-17 17:11:48,704 INFO Pretrain Ep 022/100 loss=0.7544
2026-05-17 17:11:51,313 INFO Pretrain Ep 023/100 loss=0.7537
2026-05-17 17:11:53,933 INFO Pretrain Ep 024/100 loss=0.7544
2026-05-17 17:11:56,737 INFO Pretrain Ep 025/100 loss=0.7534 knn=0.476 (chance=0.062)
2026-05-17 17:11:59,338 INFO Pretrain Ep 026/100 loss=0.7534
2026-05-17 17:12:01,940 INFO Pretrain Ep 027/100 loss=0.7532
2026-05-17 17:12:04,536 INFO Pretrain Ep 028/100 loss=0.7511
2026-05-17 17:12:07,154 INFO Pretrain Ep 029/100 loss=0.7524
2026-05-17 17:12:09,961 INFO Pretrain Ep 030/100 loss=0.7509 knn=0.476 (chance=0.062)
2026-05-17 17:12:12,592 INFO Pretrain Ep 031/100 loss=0.7509
2026-05-17 17:12:15,194 INFO Pretrain Ep 032/100 loss=0.7510
2026-05-17 17:12:17,811 INFO Pretrain Ep 033/100 loss=0.7512
2026-05-17 17:12:20,420 INFO Pretrain Ep 034/100 loss=0.7515
2026-05-17 17:12:23,235 INFO Pretrain Ep 035/100 loss=0.7495 knn=0.476 (chance=0.062)
2026-05-17 17:12:25,842 INFO Pretrain Ep 036/100 loss=0.7489
2026-05-17 17:12:28,455 INFO Pretrain Ep 037/100 loss=0.7491
2026-05-17 17:12:31,065 INFO Pretrain Ep 038/100 loss=0.7495
2026-05-17 17:12:33,666 INFO Pretrain Ep 039/100 loss=0.7487
2026-05-17 17:12:36,480 INFO Pretrain Ep 040/100 loss=0.7488 knn=0.476 (chance=0.062)
2026-05-17 17:12:39,091 INFO Pretrain Ep 041/100 loss=0.7490
2026-05-17 17:12:41,706 INFO Pretrain Ep 042/100 loss=0.7480
2026-05-17 17:12:44,326 INFO Pretrain Ep 043/100 loss=0.7473
2026-05-17 17:12:46,940 INFO Pretrain Ep 044/100 loss=0.7491
2026-05-17 17:12:49,730 INFO Pretrain Ep 045/100 loss=0.7478 knn=0.476 (chance=0.062)
2026-05-17 17:12:52,342 INFO Pretrain Ep 046/100 loss=0.7476
2026-05-17 17:12:54,946 INFO Pretrain Ep 047/100 loss=0.7472
2026-05-17 17:12:57,546 INFO Pretrain Ep 048/100 loss=0.7472
2026-05-17 17:13:00,165 INFO Pretrain Ep 049/100 loss=0.7463
2026-05-17 17:13:02,968 INFO Pretrain Ep 050/100 loss=0.7473 knn=0.476 (chance=0.062)
2026-05-17 17:13:05,607 INFO Pretrain Ep 051/100 loss=0.7477
2026-05-17 17:13:08,215 INFO Pretrain Ep 052/100 loss=0.7465
2026-05-17 17:13:10,824 INFO Pretrain Ep 053/100 loss=0.7481
2026-05-17 17:13:13,450 INFO Pretrain Ep 054/100 loss=0.7467
2026-05-17 17:13:16,276 INFO Pretrain Ep 055/100 loss=0.7461 knn=0.476 (chance=0.062)
2026-05-17 17:13:18,890 INFO Pretrain Ep 056/100 loss=0.7468
2026-05-17 17:13:21,509 INFO Pretrain Ep 057/100 loss=0.7448
2026-05-17 17:13:24,127 INFO Pretrain Ep 058/100 loss=0.7463
2026-05-17 17:13:26,735 INFO Pretrain Ep 059/100 loss=0.7456
2026-05-17 17:13:29,539 INFO Pretrain Ep 060/100 loss=0.7462 knn=0.476 (chance=0.062)
2026-05-17 17:13:32,145 INFO Pretrain Ep 061/100 loss=0.7449
2026-05-17 17:13:34,757 INFO Pretrain Ep 062/100 loss=0.7455
2026-05-17 17:13:37,383 INFO Pretrain Ep 063/100 loss=0.7443
2026-05-17 17:13:39,985 INFO Pretrain Ep 064/100 loss=0.7456
2026-05-17 17:13:42,804 INFO Pretrain Ep 065/100 loss=0.7452 knn=0.476 (chance=0.062)
2026-05-17 17:13:45,414 INFO Pretrain Ep 066/100 loss=0.7445
2026-05-17 17:13:48,033 INFO Pretrain Ep 067/100 loss=0.7451
2026-05-17 17:13:50,661 INFO Pretrain Ep 068/100 loss=0.7444
2026-05-17 17:13:53,263 INFO Pretrain Ep 069/100 loss=0.7458
2026-05-17 17:13:56,088 INFO Pretrain Ep 070/100 loss=0.7447 knn=0.476 (chance=0.062)
2026-05-17 17:13:58,693 INFO Pretrain Ep 071/100 loss=0.7443
2026-05-17 17:14:01,312 INFO Pretrain Ep 072/100 loss=0.7460
2026-05-17 17:14:03,932 INFO Pretrain Ep 073/100 loss=0.7442
2026-05-17 17:14:06,557 INFO Pretrain Ep 074/100 loss=0.7432
2026-05-17 17:14:09,358 INFO Pretrain Ep 075/100 loss=0.7448 knn=0.476 (chance=0.062)
2026-05-17 17:14:11,989 INFO Pretrain Ep 076/100 loss=0.7445
2026-05-17 17:14:14,591 INFO Pretrain Ep 077/100 loss=0.7428
2026-05-17 17:14:17,197 INFO Pretrain Ep 078/100 loss=0.7441
2026-05-17 17:14:19,807 INFO Pretrain Ep 079/100 loss=0.7446
2026-05-17 17:14:22,610 INFO Pretrain Ep 080/100 loss=0.7439 knn=0.476 (chance=0.062)
2026-05-17 17:14:25,233 INFO Pretrain Ep 081/100 loss=0.7450
2026-05-17 17:14:27,832 INFO Pretrain Ep 082/100 loss=0.7443
2026-05-17 17:14:30,453 INFO Pretrain Ep 083/100 loss=0.7436
2026-05-17 17:14:33,053 INFO Pretrain Ep 084/100 loss=0.7444
2026-05-17 17:14:35,866 INFO Pretrain Ep 085/100 loss=0.7439 knn=0.476 (chance=0.062)
2026-05-17 17:14:38,493 INFO Pretrain Ep 086/100 loss=0.7421
2026-05-17 17:14:41,104 INFO Pretrain Ep 087/100 loss=0.7430
2026-05-17 17:14:43,705 INFO Pretrain Ep 088/100 loss=0.7431
2026-05-17 17:14:46,311 INFO Pretrain Ep 089/100 loss=0.7436
2026-05-17 17:14:49,104 INFO Pretrain Ep 090/100 loss=0.7434 knn=0.476 (chance=0.062)
2026-05-17 17:14:51,731 INFO Pretrain Ep 091/100 loss=0.7437
2026-05-17 17:14:54,334 INFO Pretrain Ep 092/100 loss=0.7433
2026-05-17 17:14:56,942 INFO Pretrain Ep 093/100 loss=0.7421
2026-05-17 17:14:59,552 INFO Pretrain Ep 094/100 loss=0.7432
2026-05-17 17:15:02,374 INFO Pretrain Ep 095/100 loss=0.7443 knn=0.476 (chance=0.062)
2026-05-17 17:15:04,979 INFO Pretrain Ep 096/100 loss=0.7439
2026-05-17 17:15:07,587 INFO Pretrain Ep 097/100 loss=0.7445
2026-05-17 17:15:10,205 INFO Pretrain Ep 098/100 loss=0.7443
2026-05-17 17:15:12,805 INFO Pretrain Ep 099/100 loss=0.7437
2026-05-17 17:15:15,629 INFO Pretrain Ep 100/100 loss=0.7421 knn=0.476 (chance=0.062)
2026-05-17 17:15:17,134 INFO Post-pretrain t-SNE saved. best_knn=0.476
2026-05-17 17:15:19,728 INFO Ep 001 | tr_loss=2.2224 tr_acc=0.414 | vl_loss=2.1203 vl_acc=0.330
2026-05-17 17:15:22,000 INFO Ep 002 | tr_loss=2.0248 tr_acc=0.460 | vl_loss=2.0561 vl_acc=0.358
2026-05-17 17:15:24,275 INFO Ep 003 | tr_loss=1.9657 tr_acc=0.464 | vl_loss=2.0585 vl_acc=0.363
2026-05-17 17:15:26,547 INFO Ep 004 | tr_loss=1.9266 tr_acc=0.466 | vl_loss=2.0755 vl_acc=0.325
2026-05-17 17:15:28,819 INFO Ep 005 | tr_loss=1.8989 tr_acc=0.462 | vl_loss=2.0997 vl_acc=0.315
2026-05-17 17:15:31,087 INFO Ep 006 | tr_loss=1.8828 tr_acc=0.473 | vl_loss=2.1101 vl_acc=0.348
2026-05-17 17:15:33,354 INFO Ep 007 | tr_loss=1.8518 tr_acc=0.472 | vl_loss=2.0675 vl_acc=0.343
2026-05-17 17:15:35,626 INFO Ep 008 | tr_loss=1.8519 tr_acc=0.472 | vl_loss=2.0982 vl_acc=0.327
2026-05-17 17:15:37,891 INFO Ep 009 | tr_loss=1.8070 tr_acc=0.474 | vl_loss=2.1199 vl_acc=0.331
2026-05-17 17:15:40,156 INFO Ep 010 | tr_loss=1.7882 tr_acc=0.485 | vl_loss=2.0839 vl_acc=0.349
2026-05-17 17:15:42,414 INFO Ep 011 | tr_loss=1.7893 tr_acc=0.482 | vl_loss=2.0801 vl_acc=0.362
2026-05-17 17:15:44,670 INFO Ep 012 | tr_loss=1.7755 tr_acc=0.480 | vl_loss=2.0896 vl_acc=0.332
2026-05-17 17:15:46,938 INFO Ep 013 | tr_loss=1.7692 tr_acc=0.481 | vl_loss=2.0762 vl_acc=0.334
2026-05-17 17:15:49,209 INFO Ep 014 | tr_loss=1.7556 tr_acc=0.485 | vl_loss=2.1151 vl_acc=0.332
2026-05-17 17:15:51,476 INFO Ep 015 | tr_loss=1.7442 tr_acc=0.483 | vl_loss=2.1156 vl_acc=0.347
2026-05-17 17:15:53,743 INFO Ep 016 | tr_loss=1.7239 tr_acc=0.490 | vl_loss=2.0955 vl_acc=0.349
2026-05-17 17:15:56,003 INFO Ep 017 | tr_loss=1.7419 tr_acc=0.485 | vl_loss=2.1117 vl_acc=0.338
2026-05-17 17:15:58,269 INFO Ep 018 | tr_loss=1.7290 tr_acc=0.487 | vl_loss=2.1100 vl_acc=0.338
2026-05-17 17:15:58,269 INFO Early stop at epoch 18
2026-05-17 17:15:58,276 INFO Finetune best val_acc=0.363
2026-05-17 17:16:01,175 INFO 
Done. actbecalf_mae_ptst | dataset=actbecalf_windowed | encoder=patchtst | method=mae | finetune=freeze | seed=2026 | acc=0.5225 | macro_f1=0.2570
2026-05-17 17:16:03,479 INFO Run dir: pretrain_ablations/runs/actbecalf_simclr_cnn
2026-05-17 17:16:03,700 INFO Data: actbecalf_windowed | num_classes=16 C_in=3 T=75
2026-05-17 17:16:03,701 INFO Device: cuda
2026-05-17 17:16:03,773 INFO Encoder params: 99,648
2026-05-17 17:16:10,225 INFO Pretrain Ep 001/100 loss=4.0887 knn=0.794 (chance=0.062)
2026-05-17 17:16:15,703 INFO Pretrain Ep 002/100 loss=3.5670
2026-05-17 17:16:21,040 INFO Pretrain Ep 003/100 loss=3.4818
2026-05-17 17:16:26,196 INFO Pretrain Ep 004/100 loss=3.4378
2026-05-17 17:16:31,768 INFO Pretrain Ep 005/100 loss=3.4046 knn=0.800 (chance=0.062)
2026-05-17 17:16:37,033 INFO Pretrain Ep 006/100 loss=3.3883
2026-05-17 17:16:42,243 INFO Pretrain Ep 007/100 loss=3.3659
2026-05-17 17:16:47,424 INFO Pretrain Ep 008/100 loss=3.3589
2026-05-17 17:16:52,771 INFO Pretrain Ep 009/100 loss=3.3456
2026-05-17 17:16:58,182 INFO Pretrain Ep 010/100 loss=3.3361 knn=0.800 (chance=0.062)
2026-05-17 17:17:03,437 INFO Pretrain Ep 011/100 loss=3.3229
2026-05-17 17:17:08,716 INFO Pretrain Ep 012/100 loss=3.3155
2026-05-17 17:17:13,897 INFO Pretrain Ep 013/100 loss=3.3116
2026-05-17 17:17:19,264 INFO Pretrain Ep 014/100 loss=3.3062
2026-05-17 17:17:24,798 INFO Pretrain Ep 015/100 loss=3.2999 knn=0.792 (chance=0.062)
2026-05-17 17:17:30,069 INFO Pretrain Ep 016/100 loss=3.2983
2026-05-17 17:17:35,393 INFO Pretrain Ep 017/100 loss=3.2957
2026-05-17 17:17:40,762 INFO Pretrain Ep 018/100 loss=3.2874
2026-05-17 17:17:45,984 INFO Pretrain Ep 019/100 loss=3.2840
2026-05-17 17:17:51,486 INFO Pretrain Ep 020/100 loss=3.2792 knn=0.802 (chance=0.062)
2026-05-17 17:17:56,689 INFO Pretrain Ep 021/100 loss=3.2690
2026-05-17 17:18:01,925 INFO Pretrain Ep 022/100 loss=3.2704
2026-05-17 17:18:07,214 INFO Pretrain Ep 023/100 loss=3.2714
2026-05-17 17:18:12,476 INFO Pretrain Ep 024/100 loss=3.2668
2026-05-17 17:18:17,939 INFO Pretrain Ep 025/100 loss=3.2672 knn=0.790 (chance=0.062)
2026-05-17 17:18:23,109 INFO Pretrain Ep 026/100 loss=3.2631
2026-05-17 17:18:28,393 INFO Pretrain Ep 027/100 loss=3.2574
2026-05-17 17:18:33,628 INFO Pretrain Ep 028/100 loss=3.2597
2026-05-17 17:18:38,948 INFO Pretrain Ep 029/100 loss=3.2558
2026-05-17 17:18:44,522 INFO Pretrain Ep 030/100 loss=3.2541 knn=0.796 (chance=0.062)
2026-05-17 17:18:50,012 INFO Pretrain Ep 031/100 loss=3.2503
2026-05-17 17:18:55,183 INFO Pretrain Ep 032/100 loss=3.2489
2026-05-17 17:19:00,463 INFO Pretrain Ep 033/100 loss=3.2472
2026-05-17 17:19:05,679 INFO Pretrain Ep 034/100 loss=3.2404
2026-05-17 17:19:11,191 INFO Pretrain Ep 035/100 loss=3.2457 knn=0.798 (chance=0.062)
2026-05-17 17:19:16,527 INFO Pretrain Ep 036/100 loss=3.2439
2026-05-17 17:19:21,710 INFO Pretrain Ep 037/100 loss=3.2438
2026-05-17 17:19:26,876 INFO Pretrain Ep 038/100 loss=3.2414
2026-05-17 17:19:32,187 INFO Pretrain Ep 039/100 loss=3.2400
2026-05-17 17:19:37,761 INFO Pretrain Ep 040/100 loss=3.2409 knn=0.800 (chance=0.062)
2026-05-17 17:19:42,949 INFO Pretrain Ep 041/100 loss=3.2363
2026-05-17 17:19:48,162 INFO Pretrain Ep 042/100 loss=3.2362
2026-05-17 17:19:53,498 INFO Pretrain Ep 043/100 loss=3.2355
2026-05-17 17:19:58,775 INFO Pretrain Ep 044/100 loss=3.2389
2026-05-17 17:20:04,236 INFO Pretrain Ep 045/100 loss=3.2328 knn=0.796 (chance=0.062)
2026-05-17 17:20:09,494 INFO Pretrain Ep 046/100 loss=3.2305
2026-05-17 17:20:14,844 INFO Pretrain Ep 047/100 loss=3.2316
2026-05-17 17:20:20,178 INFO Pretrain Ep 048/100 loss=3.2322
2026-05-17 17:20:25,415 INFO Pretrain Ep 049/100 loss=3.2287
2026-05-17 17:20:30,921 INFO Pretrain Ep 050/100 loss=3.2278 knn=0.792 (chance=0.062)
2026-05-17 17:20:36,245 INFO Pretrain Ep 051/100 loss=3.2278
2026-05-17 17:20:41,552 INFO Pretrain Ep 052/100 loss=3.2236
2026-05-17 17:20:46,894 INFO Pretrain Ep 053/100 loss=3.2231
2026-05-17 17:20:52,234 INFO Pretrain Ep 054/100 loss=3.2228
2026-05-17 17:20:57,646 INFO Pretrain Ep 055/100 loss=3.2214 knn=0.792 (chance=0.062)
2026-05-17 17:21:02,958 INFO Pretrain Ep 056/100 loss=3.2232
2026-05-17 17:21:08,264 INFO Pretrain Ep 057/100 loss=3.2203
2026-05-17 17:21:13,709 INFO Pretrain Ep 058/100 loss=3.2205
2026-05-17 17:21:18,916 INFO Pretrain Ep 059/100 loss=3.2206
2026-05-17 17:21:24,487 INFO Pretrain Ep 060/100 loss=3.2228 knn=0.796 (chance=0.062)
2026-05-17 17:21:29,776 INFO Pretrain Ep 061/100 loss=3.2187
2026-05-17 17:21:35,187 INFO Pretrain Ep 062/100 loss=3.2223
2026-05-17 17:21:40,483 INFO Pretrain Ep 063/100 loss=3.2194
2026-05-17 17:21:45,873 INFO Pretrain Ep 064/100 loss=3.2131
2026-05-17 17:21:51,320 INFO Pretrain Ep 065/100 loss=3.2139 knn=0.790 (chance=0.062)
2026-05-17 17:21:56,528 INFO Pretrain Ep 066/100 loss=3.2138
2026-05-17 17:22:01,714 INFO Pretrain Ep 067/100 loss=3.2136
2026-05-17 17:22:07,003 INFO Pretrain Ep 068/100 loss=3.2126
2026-05-17 17:22:12,292 INFO Pretrain Ep 069/100 loss=3.2130
2026-05-17 17:22:17,775 INFO Pretrain Ep 070/100 loss=3.2110 knn=0.794 (chance=0.062)
2026-05-17 17:22:23,039 INFO Pretrain Ep 071/100 loss=3.2089
2026-05-17 17:22:28,386 INFO Pretrain Ep 072/100 loss=3.2133
2026-05-17 17:22:33,599 INFO Pretrain Ep 073/100 loss=3.2138
2026-05-17 17:22:38,786 INFO Pretrain Ep 074/100 loss=3.2110
2026-05-17 17:22:44,176 INFO Pretrain Ep 075/100 loss=3.2109 knn=0.800 (chance=0.062)
2026-05-17 17:22:49,477 INFO Pretrain Ep 076/100 loss=3.2102
2026-05-17 17:22:54,740 INFO Pretrain Ep 077/100 loss=3.2088
2026-05-17 17:22:59,929 INFO Pretrain Ep 078/100 loss=3.2066
2026-05-17 17:23:05,269 INFO Pretrain Ep 079/100 loss=3.2040
2026-05-17 17:23:10,747 INFO Pretrain Ep 080/100 loss=3.2042 knn=0.794 (chance=0.062)
2026-05-17 17:23:16,129 INFO Pretrain Ep 081/100 loss=3.2063
2026-05-17 17:23:21,393 INFO Pretrain Ep 082/100 loss=3.1997
2026-05-17 17:23:26,599 INFO Pretrain Ep 083/100 loss=3.2040
2026-05-17 17:23:31,930 INFO Pretrain Ep 084/100 loss=3.2050
2026-05-17 17:23:37,480 INFO Pretrain Ep 085/100 loss=3.2042 knn=0.788 (chance=0.062)
2026-05-17 17:23:42,786 INFO Pretrain Ep 086/100 loss=3.2057
2026-05-17 17:23:47,897 INFO Pretrain Ep 087/100 loss=3.2030
2026-05-17 17:23:53,168 INFO Pretrain Ep 088/100 loss=3.2008
2026-05-17 17:23:58,370 INFO Pretrain Ep 089/100 loss=3.2055
2026-05-17 17:24:03,842 INFO Pretrain Ep 090/100 loss=3.2005 knn=0.798 (chance=0.062)
2026-05-17 17:24:08,963 INFO Pretrain Ep 091/100 loss=3.2009
2026-05-17 17:24:14,150 INFO Pretrain Ep 092/100 loss=3.2026
2026-05-17 17:24:19,363 INFO Pretrain Ep 093/100 loss=3.1994
2026-05-17 17:24:24,478 INFO Pretrain Ep 094/100 loss=3.2004
2026-05-17 17:24:29,891 INFO Pretrain Ep 095/100 loss=3.1967 knn=0.796 (chance=0.062)
2026-05-17 17:24:35,225 INFO Pretrain Ep 096/100 loss=3.1999
2026-05-17 17:24:40,525 INFO Pretrain Ep 097/100 loss=3.1991
2026-05-17 17:24:45,745 INFO Pretrain Ep 098/100 loss=3.1959
2026-05-17 17:24:51,115 INFO Pretrain Ep 099/100 loss=3.1952
2026-05-17 17:24:56,604 INFO Pretrain Ep 100/100 loss=3.1917 knn=0.796 (chance=0.062)
2026-05-17 17:24:57,876 INFO Post-pretrain t-SNE saved. best_knn=0.802
2026-05-17 17:24:58,746 INFO Ep 001 | tr_loss=2.1715 tr_acc=0.316 | vl_loss=2.3625 vl_acc=0.199
2026-05-17 17:24:59,313 INFO Ep 002 | tr_loss=1.9900 tr_acc=0.366 | vl_loss=2.3883 vl_acc=0.280
2026-05-17 17:24:59,858 INFO Ep 003 | tr_loss=1.9267 tr_acc=0.377 | vl_loss=2.3772 vl_acc=0.249
2026-05-17 17:25:00,406 INFO Ep 004 | tr_loss=1.8985 tr_acc=0.380 | vl_loss=2.3737 vl_acc=0.294
2026-05-17 17:25:00,957 INFO Ep 005 | tr_loss=1.8728 tr_acc=0.385 | vl_loss=2.3406 vl_acc=0.336
2026-05-17 17:25:01,523 INFO Ep 006 | tr_loss=1.8525 tr_acc=0.390 | vl_loss=2.3375 vl_acc=0.270
2026-05-17 17:25:02,083 INFO Ep 007 | tr_loss=1.8467 tr_acc=0.393 | vl_loss=2.3725 vl_acc=0.287
2026-05-17 17:25:02,635 INFO Ep 008 | tr_loss=1.8201 tr_acc=0.394 | vl_loss=2.3521 vl_acc=0.289
2026-05-17 17:25:03,178 INFO Ep 009 | tr_loss=1.8167 tr_acc=0.396 | vl_loss=2.3749 vl_acc=0.299
2026-05-17 17:25:03,726 INFO Ep 010 | tr_loss=1.8158 tr_acc=0.400 | vl_loss=2.3753 vl_acc=0.264
2026-05-17 17:25:04,270 INFO Ep 011 | tr_loss=1.8160 tr_acc=0.396 | vl_loss=2.3802 vl_acc=0.298
2026-05-17 17:25:04,828 INFO Ep 012 | tr_loss=1.7769 tr_acc=0.403 | vl_loss=2.3719 vl_acc=0.308
2026-05-17 17:25:05,372 INFO Ep 013 | tr_loss=1.7539 tr_acc=0.399 | vl_loss=2.3582 vl_acc=0.303
2026-05-17 17:25:05,921 INFO Ep 014 | tr_loss=1.7447 tr_acc=0.410 | vl_loss=2.4049 vl_acc=0.311
2026-05-17 17:25:06,479 INFO Ep 015 | tr_loss=1.7536 tr_acc=0.402 | vl_loss=2.3815 vl_acc=0.315
2026-05-17 17:25:07,028 INFO Ep 016 | tr_loss=1.7411 tr_acc=0.410 | vl_loss=2.3954 vl_acc=0.317
2026-05-17 17:25:07,578 INFO Ep 017 | tr_loss=1.7232 tr_acc=0.418 | vl_loss=2.4279 vl_acc=0.289
2026-05-17 17:25:08,136 INFO Ep 018 | tr_loss=1.7344 tr_acc=0.410 | vl_loss=2.4364 vl_acc=0.309
2026-05-17 17:25:08,686 INFO Ep 019 | tr_loss=1.7256 tr_acc=0.412 | vl_loss=2.3984 vl_acc=0.321
2026-05-17 17:25:09,230 INFO Ep 020 | tr_loss=1.7029 tr_acc=0.422 | vl_loss=2.4246 vl_acc=0.306
2026-05-17 17:25:09,230 INFO Early stop at epoch 20
2026-05-17 17:25:09,233 INFO Finetune best val_acc=0.336
2026-05-17 17:25:10,983 INFO 
Done. actbecalf_simclr_cnn | dataset=actbecalf_windowed | encoder=cnn_tfc | method=simclr | finetune=freeze | seed=2026 | acc=0.3626 | macro_f1=0.1983
2026-05-17 17:25:13,179 INFO Run dir: pretrain_ablations/runs/actbecalf_tfc_cnn
2026-05-17 17:25:13,398 INFO Data: actbecalf_windowed | num_classes=16 C_in=3 T=75
2026-05-17 17:25:13,398 INFO Device: cuda
2026-05-17 17:25:13,463 INFO Encoder params: 99,648
/home/emap/tironi/hybrid_activity_recognition/venv/lib/python3.12/site-packages/torch/_compile.py:32: UserWarning: optimizer contains a parameter group with duplicate parameters; in future, this will cause an error; see github.com/pytorch/pytorch/issues/40967 for more information
  return disable_fn(*args, **kwargs)
2026-05-17 17:25:27,220 INFO Pretrain Ep 001/100 loss=7.1932 knn=0.812 (chance=0.062)
2026-05-17 17:25:39,734 INFO Pretrain Ep 002/100 loss=6.3313
2026-05-17 17:25:52,325 INFO Pretrain Ep 003/100 loss=6.0770
2026-05-17 17:26:05,021 INFO Pretrain Ep 004/100 loss=5.9200
2026-05-17 17:26:17,841 INFO Pretrain Ep 005/100 loss=5.7913 knn=0.820 (chance=0.062)
2026-05-17 17:26:30,485 INFO Pretrain Ep 006/100 loss=5.6976
2026-05-17 17:26:42,923 INFO Pretrain Ep 007/100 loss=5.6239
2026-05-17 17:26:55,511 INFO Pretrain Ep 008/100 loss=5.5555
2026-05-17 17:27:08,107 INFO Pretrain Ep 009/100 loss=5.5163
2026-05-17 17:27:20,966 INFO Pretrain Ep 010/100 loss=5.4729 knn=0.826 (chance=0.062)
2026-05-17 17:27:33,611 INFO Pretrain Ep 011/100 loss=5.4248
2026-05-17 17:27:46,268 INFO Pretrain Ep 012/100 loss=5.3787
2026-05-17 17:27:58,796 INFO Pretrain Ep 013/100 loss=5.3573
2026-05-17 17:28:11,495 INFO Pretrain Ep 014/100 loss=5.3398
2026-05-17 17:28:24,323 INFO Pretrain Ep 015/100 loss=5.3085 knn=0.826 (chance=0.062)
2026-05-17 17:28:36,904 INFO Pretrain Ep 016/100 loss=5.2687
2026-05-17 17:28:49,618 INFO Pretrain Ep 017/100 loss=5.2466
2026-05-17 17:29:02,270 INFO Pretrain Ep 018/100 loss=5.2341
2026-05-17 17:29:14,880 INFO Pretrain Ep 019/100 loss=5.2153
2026-05-17 17:29:27,605 INFO Pretrain Ep 020/100 loss=5.1854 knn=0.822 (chance=0.062)
2026-05-17 17:29:40,184 INFO Pretrain Ep 021/100 loss=5.1671
2026-05-17 17:29:52,791 INFO Pretrain Ep 022/100 loss=5.1440
2026-05-17 17:30:05,478 INFO Pretrain Ep 023/100 loss=5.1289
2026-05-17 17:30:18,027 INFO Pretrain Ep 024/100 loss=5.1240
2026-05-17 17:30:30,785 INFO Pretrain Ep 025/100 loss=5.0925 knn=0.824 (chance=0.062)
2026-05-17 17:30:43,317 INFO Pretrain Ep 026/100 loss=5.0787
2026-05-17 17:30:56,054 INFO Pretrain Ep 027/100 loss=5.0672
2026-05-17 17:31:08,622 INFO Pretrain Ep 028/100 loss=5.0617
2026-05-17 17:31:21,296 INFO Pretrain Ep 029/100 loss=5.0429
2026-05-17 17:31:34,083 INFO Pretrain Ep 030/100 loss=5.0438 knn=0.834 (chance=0.062)
2026-05-17 17:31:46,693 INFO Pretrain Ep 031/100 loss=5.0326
2026-05-17 17:31:59,294 INFO Pretrain Ep 032/100 loss=5.0118
2026-05-17 17:32:11,971 INFO Pretrain Ep 033/100 loss=5.0133
2026-05-17 17:32:24,619 INFO Pretrain Ep 034/100 loss=4.9935
2026-05-17 17:32:37,525 INFO Pretrain Ep 035/100 loss=4.9859 knn=0.828 (chance=0.062)
2026-05-17 17:32:50,213 INFO Pretrain Ep 036/100 loss=4.9655
2026-05-17 17:33:02,856 INFO Pretrain Ep 037/100 loss=4.9680
2026-05-17 17:33:15,445 INFO Pretrain Ep 038/100 loss=4.9649
2026-05-17 17:33:28,118 INFO Pretrain Ep 039/100 loss=4.9464
2026-05-17 17:33:40,865 INFO Pretrain Ep 040/100 loss=4.9388 knn=0.832 (chance=0.062)
2026-05-17 17:33:53,496 INFO Pretrain Ep 041/100 loss=4.9366
2026-05-17 17:34:05,965 INFO Pretrain Ep 042/100 loss=4.9321
2026-05-17 17:34:18,642 INFO Pretrain Ep 043/100 loss=4.9132
2026-05-17 17:34:31,201 INFO Pretrain Ep 044/100 loss=4.9065
2026-05-17 17:34:44,071 INFO Pretrain Ep 045/100 loss=4.9056 knn=0.830 (chance=0.062)
2026-05-17 17:34:56,780 INFO Pretrain Ep 046/100 loss=4.9052
2026-05-17 17:35:09,441 INFO Pretrain Ep 047/100 loss=4.8793
2026-05-17 17:35:22,068 INFO Pretrain Ep 048/100 loss=4.8882
2026-05-17 17:35:34,571 INFO Pretrain Ep 049/100 loss=4.8785
2026-05-17 17:35:47,440 INFO Pretrain Ep 050/100 loss=4.8762 knn=0.828 (chance=0.062)
2026-05-17 17:35:59,918 INFO Pretrain Ep 051/100 loss=4.8679
2026-05-17 17:36:12,593 INFO Pretrain Ep 052/100 loss=4.8616
2026-05-17 17:36:25,376 INFO Pretrain Ep 053/100 loss=4.8541
2026-05-17 17:36:37,865 INFO Pretrain Ep 054/100 loss=4.8270
2026-05-17 17:36:50,760 INFO Pretrain Ep 055/100 loss=4.8326 knn=0.836 (chance=0.062)
2026-05-17 17:37:03,315 INFO Pretrain Ep 056/100 loss=4.8247
2026-05-17 17:37:15,914 INFO Pretrain Ep 057/100 loss=4.8285
2026-05-17 17:37:28,598 INFO Pretrain Ep 058/100 loss=4.8264
2026-05-17 17:37:41,236 INFO Pretrain Ep 059/100 loss=4.8185
2026-05-17 17:37:54,025 INFO Pretrain Ep 060/100 loss=4.8151 knn=0.824 (chance=0.062)
2026-05-17 17:38:06,714 INFO Pretrain Ep 061/100 loss=4.8098
2026-05-17 17:38:19,425 INFO Pretrain Ep 062/100 loss=4.8121
2026-05-17 17:38:32,065 INFO Pretrain Ep 063/100 loss=4.7994
2026-05-17 17:38:44,692 INFO Pretrain Ep 064/100 loss=4.7945
2026-05-17 17:38:57,583 INFO Pretrain Ep 065/100 loss=4.7914 knn=0.832 (chance=0.062)
2026-05-17 17:39:10,162 INFO Pretrain Ep 066/100 loss=4.7820
2026-05-17 17:39:22,776 INFO Pretrain Ep 067/100 loss=4.7822
2026-05-17 17:39:35,366 INFO Pretrain Ep 068/100 loss=4.7710
2026-05-17 17:39:47,962 INFO Pretrain Ep 069/100 loss=4.7749
2026-05-17 17:40:00,805 INFO Pretrain Ep 070/100 loss=4.7725 knn=0.828 (chance=0.062)
2026-05-17 17:40:13,412 INFO Pretrain Ep 071/100 loss=4.7768
2026-05-17 17:40:26,105 INFO Pretrain Ep 072/100 loss=4.7622
2026-05-17 17:40:38,691 INFO Pretrain Ep 073/100 loss=4.7548
2026-05-17 17:40:51,342 INFO Pretrain Ep 074/100 loss=4.7468
2026-05-17 17:41:04,125 INFO Pretrain Ep 075/100 loss=4.7474 knn=0.828 (chance=0.062)
2026-05-17 17:41:16,715 INFO Pretrain Ep 076/100 loss=4.7388
2026-05-17 17:41:29,339 INFO Pretrain Ep 077/100 loss=4.7306
2026-05-17 17:41:41,928 INFO Pretrain Ep 078/100 loss=4.7376
2026-05-17 17:41:54,485 INFO Pretrain Ep 079/100 loss=4.7306
2026-05-17 17:42:07,396 INFO Pretrain Ep 080/100 loss=4.7233 knn=0.828 (chance=0.062)
2026-05-17 17:42:20,026 INFO Pretrain Ep 081/100 loss=4.7301
2026-05-17 17:42:32,573 INFO Pretrain Ep 082/100 loss=4.7141
2026-05-17 17:42:45,040 INFO Pretrain Ep 083/100 loss=4.7102
2026-05-17 17:42:57,600 INFO Pretrain Ep 084/100 loss=4.7144
2026-05-17 17:43:10,550 INFO Pretrain Ep 085/100 loss=4.7141 knn=0.832 (chance=0.062)
2026-05-17 17:43:23,125 INFO Pretrain Ep 086/100 loss=4.7004
2026-05-17 17:43:35,764 INFO Pretrain Ep 087/100 loss=4.7080
2026-05-17 17:43:48,414 INFO Pretrain Ep 088/100 loss=4.7110
2026-05-17 17:44:01,079 INFO Pretrain Ep 089/100 loss=4.6992
2026-05-17 17:44:13,935 INFO Pretrain Ep 090/100 loss=4.7003 knn=0.840 (chance=0.062)
2026-05-17 17:44:26,667 INFO Pretrain Ep 091/100 loss=4.6910
2026-05-17 17:44:39,139 INFO Pretrain Ep 092/100 loss=4.6832
2026-05-17 17:44:51,741 INFO Pretrain Ep 093/100 loss=4.6881
2026-05-17 17:45:04,338 INFO Pretrain Ep 094/100 loss=4.6875
2026-05-17 17:45:17,093 INFO Pretrain Ep 095/100 loss=4.6788 knn=0.840 (chance=0.062)
2026-05-17 17:45:29,770 INFO Pretrain Ep 096/100 loss=4.6724
2026-05-17 17:45:42,290 INFO Pretrain Ep 097/100 loss=4.6765
2026-05-17 17:45:54,974 INFO Pretrain Ep 098/100 loss=4.6712
2026-05-17 17:46:07,595 INFO Pretrain Ep 099/100 loss=4.6679
2026-05-17 17:46:20,448 INFO Pretrain Ep 100/100 loss=4.6646 knn=0.838 (chance=0.062)
2026-05-17 17:46:21,767 INFO Post-pretrain t-SNE saved. best_knn=0.840
2026-05-17 17:46:22,656 INFO Ep 001 | tr_loss=1.9799 tr_acc=0.408 | vl_loss=1.9926 vl_acc=0.370
2026-05-17 17:46:23,229 INFO Ep 002 | tr_loss=1.5854 tr_acc=0.539 | vl_loss=1.8915 vl_acc=0.368
2026-05-17 17:46:23,787 INFO Ep 003 | tr_loss=1.4826 tr_acc=0.565 | vl_loss=1.8744 vl_acc=0.425
2026-05-17 17:46:24,359 INFO Ep 004 | tr_loss=1.4397 tr_acc=0.570 | vl_loss=1.8801 vl_acc=0.426
2026-05-17 17:46:24,931 INFO Ep 005 | tr_loss=1.4119 tr_acc=0.576 | vl_loss=1.8839 vl_acc=0.427
2026-05-17 17:46:25,488 INFO Ep 006 | tr_loss=1.3764 tr_acc=0.575 | vl_loss=1.9561 vl_acc=0.397
2026-05-17 17:46:26,047 INFO Ep 007 | tr_loss=1.3765 tr_acc=0.582 | vl_loss=1.8938 vl_acc=0.426
2026-05-17 17:46:26,615 INFO Ep 008 | tr_loss=1.3464 tr_acc=0.587 | vl_loss=1.9823 vl_acc=0.421
2026-05-17 17:46:27,171 INFO Ep 009 | tr_loss=1.3365 tr_acc=0.585 | vl_loss=2.0094 vl_acc=0.385
2026-05-17 17:46:27,737 INFO Ep 010 | tr_loss=1.3103 tr_acc=0.593 | vl_loss=2.0059 vl_acc=0.404
2026-05-17 17:46:28,294 INFO Ep 011 | tr_loss=1.2854 tr_acc=0.600 | vl_loss=2.0137 vl_acc=0.430
2026-05-17 17:46:28,846 INFO Ep 012 | tr_loss=1.2823 tr_acc=0.599 | vl_loss=2.0299 vl_acc=0.392
2026-05-17 17:46:29,420 INFO Ep 013 | tr_loss=1.2909 tr_acc=0.605 | vl_loss=2.0476 vl_acc=0.379
2026-05-17 17:46:29,979 INFO Ep 014 | tr_loss=1.2808 tr_acc=0.602 | vl_loss=2.0423 vl_acc=0.385
2026-05-17 17:46:30,535 INFO Ep 015 | tr_loss=1.2643 tr_acc=0.608 | vl_loss=2.0037 vl_acc=0.398
2026-05-17 17:46:31,097 INFO Ep 016 | tr_loss=1.2553 tr_acc=0.609 | vl_loss=2.0144 vl_acc=0.399
2026-05-17 17:46:31,656 INFO Ep 017 | tr_loss=1.2447 tr_acc=0.607 | vl_loss=2.0423 vl_acc=0.407
2026-05-17 17:46:32,235 INFO Ep 018 | tr_loss=1.2476 tr_acc=0.605 | vl_loss=2.0855 vl_acc=0.376
2026-05-17 17:46:32,813 INFO Ep 019 | tr_loss=1.2347 tr_acc=0.613 | vl_loss=2.0572 vl_acc=0.401
2026-05-17 17:46:33,370 INFO Ep 020 | tr_loss=1.2282 tr_acc=0.614 | vl_loss=2.0591 vl_acc=0.415
2026-05-17 17:46:33,922 INFO Ep 021 | tr_loss=1.2512 tr_acc=0.607 | vl_loss=2.0948 vl_acc=0.388
2026-05-17 17:46:34,485 INFO Ep 022 | tr_loss=1.2173 tr_acc=0.612 | vl_loss=2.0633 vl_acc=0.401
2026-05-17 17:46:35,049 INFO Ep 023 | tr_loss=1.2287 tr_acc=0.614 | vl_loss=2.0782 vl_acc=0.385
2026-05-17 17:46:35,596 INFO Ep 024 | tr_loss=1.2237 tr_acc=0.615 | vl_loss=2.0869 vl_acc=0.400
2026-05-17 17:46:36,164 INFO Ep 025 | tr_loss=1.2081 tr_acc=0.614 | vl_loss=2.1109 vl_acc=0.390
2026-05-17 17:46:36,736 INFO Ep 026 | tr_loss=1.2073 tr_acc=0.620 | vl_loss=2.1111 vl_acc=0.385
2026-05-17 17:46:36,737 INFO Early stop at epoch 26
2026-05-17 17:46:36,740 INFO Finetune best val_acc=0.430
2026-05-17 17:46:38,539 INFO 
Done. actbecalf_tfc_cnn | dataset=actbecalf_windowed | encoder=cnn_tfc | method=tfc | finetune=freeze | seed=2026 | acc=0.4406 | macro_f1=0.2816
2026-05-17 17:46:40,716 INFO Run dir: pretrain_ablations/runs/actbecalf_tstcc_cnn
2026-05-17 17:46:40,944 INFO Data: actbecalf_windowed | num_classes=16 C_in=3 T=75
2026-05-17 17:46:40,944 INFO Device: cuda
2026-05-17 17:46:41,007 INFO Encoder params: 99,648
2026-05-17 17:46:48,114 INFO Pretrain Ep 001/100 loss=4.1646 knn=0.786 (chance=0.062)
2026-05-17 17:46:54,180 INFO Pretrain Ep 002/100 loss=3.6671
2026-05-17 17:46:59,936 INFO Pretrain Ep 003/100 loss=3.5879
2026-05-17 17:47:05,921 INFO Pretrain Ep 004/100 loss=3.5478
2026-05-17 17:47:11,917 INFO Pretrain Ep 005/100 loss=3.5182 knn=0.798 (chance=0.062)
2026-05-17 17:47:17,920 INFO Pretrain Ep 006/100 loss=3.5009
2026-05-17 17:47:23,778 INFO Pretrain Ep 007/100 loss=3.4848
2026-05-17 17:47:29,712 INFO Pretrain Ep 008/100 loss=3.4725
2026-05-17 17:47:35,594 INFO Pretrain Ep 009/100 loss=3.4654
2026-05-17 17:47:41,735 INFO Pretrain Ep 010/100 loss=3.4590 knn=0.792 (chance=0.062)
2026-05-17 17:47:47,601 INFO Pretrain Ep 011/100 loss=3.4465
2026-05-17 17:47:53,621 INFO Pretrain Ep 012/100 loss=3.4425
2026-05-17 17:47:59,495 INFO Pretrain Ep 013/100 loss=3.4357
2026-05-17 17:48:05,311 INFO Pretrain Ep 014/100 loss=3.4296
2026-05-17 17:48:11,331 INFO Pretrain Ep 015/100 loss=3.4244 knn=0.798 (chance=0.062)
2026-05-17 17:48:17,225 INFO Pretrain Ep 016/100 loss=3.4201
2026-05-17 17:48:23,077 INFO Pretrain Ep 017/100 loss=3.4149
2026-05-17 17:48:28,998 INFO Pretrain Ep 018/100 loss=3.4160
2026-05-17 17:48:34,916 INFO Pretrain Ep 019/100 loss=3.4100
2026-05-17 17:48:41,011 INFO Pretrain Ep 020/100 loss=3.4097 knn=0.802 (chance=0.062)
2026-05-17 17:48:47,105 INFO Pretrain Ep 021/100 loss=3.4043
2026-05-17 17:48:52,999 INFO Pretrain Ep 022/100 loss=3.4015
2026-05-17 17:48:58,833 INFO Pretrain Ep 023/100 loss=3.4021
2026-05-17 17:49:04,952 INFO Pretrain Ep 024/100 loss=3.3964
2026-05-17 17:49:10,847 INFO Pretrain Ep 025/100 loss=3.3989 knn=0.794 (chance=0.062)
2026-05-17 17:49:16,754 INFO Pretrain Ep 026/100 loss=3.3927
2026-05-17 17:49:22,741 INFO Pretrain Ep 027/100 loss=3.3845
2026-05-17 17:49:28,597 INFO Pretrain Ep 028/100 loss=3.3898
2026-05-17 17:49:34,609 INFO Pretrain Ep 029/100 loss=3.3867
2026-05-17 17:49:40,616 INFO Pretrain Ep 030/100 loss=3.3823 knn=0.800 (chance=0.062)
2026-05-17 17:49:46,578 INFO Pretrain Ep 031/100 loss=3.3829
2026-05-17 17:49:52,506 INFO Pretrain Ep 032/100 loss=3.3814
2026-05-17 17:49:58,364 INFO Pretrain Ep 033/100 loss=3.3783
2026-05-17 17:50:04,309 INFO Pretrain Ep 034/100 loss=3.3758
2026-05-17 17:50:10,473 INFO Pretrain Ep 035/100 loss=3.3733 knn=0.802 (chance=0.062)
2026-05-17 17:50:16,499 INFO Pretrain Ep 036/100 loss=3.3714
2026-05-17 17:50:22,328 INFO Pretrain Ep 037/100 loss=3.3701
2026-05-17 17:50:28,268 INFO Pretrain Ep 038/100 loss=3.3728
2026-05-17 17:50:34,286 INFO Pretrain Ep 039/100 loss=3.3714
2026-05-17 17:50:40,432 INFO Pretrain Ep 040/100 loss=3.3698 knn=0.798 (chance=0.062)
2026-05-17 17:50:46,490 INFO Pretrain Ep 041/100 loss=3.3690
2026-05-17 17:50:52,556 INFO Pretrain Ep 042/100 loss=3.3650
2026-05-17 17:50:58,533 INFO Pretrain Ep 043/100 loss=3.3686
2026-05-17 17:51:04,313 INFO Pretrain Ep 044/100 loss=3.3638
2026-05-17 17:51:10,320 INFO Pretrain Ep 045/100 loss=3.3648 knn=0.800 (chance=0.062)
2026-05-17 17:51:16,259 INFO Pretrain Ep 046/100 loss=3.3621
2026-05-17 17:51:22,211 INFO Pretrain Ep 047/100 loss=3.3642
2026-05-17 17:51:28,213 INFO Pretrain Ep 048/100 loss=3.3609
2026-05-17 17:51:33,950 INFO Pretrain Ep 049/100 loss=3.3595
2026-05-17 17:51:40,000 INFO Pretrain Ep 050/100 loss=3.3608 knn=0.798 (chance=0.062)
2026-05-17 17:51:45,940 INFO Pretrain Ep 051/100 loss=3.3575
2026-05-17 17:51:51,823 INFO Pretrain Ep 052/100 loss=3.3554
2026-05-17 17:51:57,846 INFO Pretrain Ep 053/100 loss=3.3547
2026-05-17 17:52:03,926 INFO Pretrain Ep 054/100 loss=3.3529
2026-05-17 17:52:09,976 INFO Pretrain Ep 055/100 loss=3.3524 knn=0.798 (chance=0.062)
2026-05-17 17:52:15,852 INFO Pretrain Ep 056/100 loss=3.3545
2026-05-17 17:52:21,764 INFO Pretrain Ep 057/100 loss=3.3552
2026-05-17 17:52:27,564 INFO Pretrain Ep 058/100 loss=3.3510
2026-05-17 17:52:33,385 INFO Pretrain Ep 059/100 loss=3.3503
2026-05-17 17:52:39,478 INFO Pretrain Ep 060/100 loss=3.3546 knn=0.808 (chance=0.062)
2026-05-17 17:52:45,234 INFO Pretrain Ep 061/100 loss=3.3518
2026-05-17 17:52:51,056 INFO Pretrain Ep 062/100 loss=3.3535
2026-05-17 17:52:56,734 INFO Pretrain Ep 063/100 loss=3.3488
2026-05-17 17:53:02,701 INFO Pretrain Ep 064/100 loss=3.3457
2026-05-17 17:53:08,786 INFO Pretrain Ep 065/100 loss=3.3508 knn=0.808 (chance=0.062)
2026-05-17 17:53:14,670 INFO Pretrain Ep 066/100 loss=3.3446
2026-05-17 17:53:20,521 INFO Pretrain Ep 067/100 loss=3.3472
2026-05-17 17:53:26,531 INFO Pretrain Ep 068/100 loss=3.3478
2026-05-17 17:53:32,451 INFO Pretrain Ep 069/100 loss=3.3465
2026-05-17 17:53:38,396 INFO Pretrain Ep 070/100 loss=3.3445 knn=0.810 (chance=0.062)
2026-05-17 17:53:44,280 INFO Pretrain Ep 071/100 loss=3.3445
2026-05-17 17:53:50,248 INFO Pretrain Ep 072/100 loss=3.3406
2026-05-17 17:53:56,080 INFO Pretrain Ep 073/100 loss=3.3449
2026-05-17 17:54:01,922 INFO Pretrain Ep 074/100 loss=3.3437
2026-05-17 17:54:08,113 INFO Pretrain Ep 075/100 loss=3.3435 knn=0.800 (chance=0.062)
2026-05-17 17:54:14,165 INFO Pretrain Ep 076/100 loss=3.3437
2026-05-17 17:54:20,126 INFO Pretrain Ep 077/100 loss=3.3414
2026-05-17 17:54:25,947 INFO Pretrain Ep 078/100 loss=3.3438
2026-05-17 17:54:31,853 INFO Pretrain Ep 079/100 loss=3.3394
2026-05-17 17:54:37,862 INFO Pretrain Ep 080/100 loss=3.3411 knn=0.800 (chance=0.062)
2026-05-17 17:54:43,737 INFO Pretrain Ep 081/100 loss=3.3378
2026-05-17 17:54:49,500 INFO Pretrain Ep 082/100 loss=3.3353
2026-05-17 17:54:55,308 INFO Pretrain Ep 083/100 loss=3.3397
2026-05-17 17:55:01,182 INFO Pretrain Ep 084/100 loss=3.3414
2026-05-17 17:55:07,268 INFO Pretrain Ep 085/100 loss=3.3354 knn=0.798 (chance=0.062)
2026-05-17 17:55:13,235 INFO Pretrain Ep 086/100 loss=3.3382
2026-05-17 17:55:19,081 INFO Pretrain Ep 087/100 loss=3.3361
2026-05-17 17:55:24,974 INFO Pretrain Ep 088/100 loss=3.3387
2026-05-17 17:55:30,982 INFO Pretrain Ep 089/100 loss=3.3377
2026-05-17 17:55:37,178 INFO Pretrain Ep 090/100 loss=3.3352 knn=0.808 (chance=0.062)
2026-05-17 17:55:43,003 INFO Pretrain Ep 091/100 loss=3.3322
2026-05-17 17:55:49,030 INFO Pretrain Ep 092/100 loss=3.3385
2026-05-17 17:55:54,824 INFO Pretrain Ep 093/100 loss=3.3333
2026-05-17 17:56:00,746 INFO Pretrain Ep 094/100 loss=3.3394
2026-05-17 17:56:06,756 INFO Pretrain Ep 095/100 loss=3.3367 knn=0.804 (chance=0.062)
2026-05-17 17:56:12,766 INFO Pretrain Ep 096/100 loss=3.3364
2026-05-17 17:56:18,752 INFO Pretrain Ep 097/100 loss=3.3380
2026-05-17 17:56:24,672 INFO Pretrain Ep 098/100 loss=3.3341
2026-05-17 17:56:30,552 INFO Pretrain Ep 099/100 loss=3.3338
2026-05-17 17:56:36,579 INFO Pretrain Ep 100/100 loss=3.3298 knn=0.808 (chance=0.062)
2026-05-17 17:56:37,854 INFO Post-pretrain t-SNE saved. best_knn=0.810
2026-05-17 17:56:38,886 INFO Ep 001 | tr_loss=2.1144 tr_acc=0.343 | vl_loss=2.4780 vl_acc=0.188
2026-05-17 17:56:39,567 INFO Ep 002 | tr_loss=1.8174 tr_acc=0.436 | vl_loss=2.4892 vl_acc=0.199
2026-05-17 17:56:40,262 INFO Ep 003 | tr_loss=1.6937 tr_acc=0.476 | vl_loss=2.4360 vl_acc=0.183
2026-05-17 17:56:40,950 INFO Ep 004 | tr_loss=1.6458 tr_acc=0.490 | vl_loss=2.4384 vl_acc=0.213
2026-05-17 17:56:41,619 INFO Ep 005 | tr_loss=1.5751 tr_acc=0.500 | vl_loss=2.4453 vl_acc=0.254
2026-05-17 17:56:42,305 INFO Ep 006 | tr_loss=1.5583 tr_acc=0.513 | vl_loss=2.1552 vl_acc=0.342
2026-05-17 17:56:42,983 INFO Ep 007 | tr_loss=1.5427 tr_acc=0.518 | vl_loss=2.5533 vl_acc=0.208
2026-05-17 17:56:43,664 INFO Ep 008 | tr_loss=1.4878 tr_acc=0.527 | vl_loss=2.5805 vl_acc=0.212
2026-05-17 17:56:44,337 INFO Ep 009 | tr_loss=1.4712 tr_acc=0.542 | vl_loss=2.5156 vl_acc=0.283
2026-05-17 17:56:45,022 INFO Ep 010 | tr_loss=1.4668 tr_acc=0.535 | vl_loss=2.3648 vl_acc=0.206
2026-05-17 17:56:45,715 INFO Ep 011 | tr_loss=1.4618 tr_acc=0.534 | vl_loss=2.4796 vl_acc=0.278
2026-05-17 17:56:46,398 INFO Ep 012 | tr_loss=1.4607 tr_acc=0.548 | vl_loss=2.4408 vl_acc=0.272
2026-05-17 17:56:47,081 INFO Ep 013 | tr_loss=1.3709 tr_acc=0.563 | vl_loss=2.3651 vl_acc=0.295
2026-05-17 17:56:47,741 INFO Ep 014 | tr_loss=1.3486 tr_acc=0.571 | vl_loss=2.4775 vl_acc=0.263
2026-05-17 17:56:48,435 INFO Ep 015 | tr_loss=1.3306 tr_acc=0.571 | vl_loss=2.6589 vl_acc=0.268
2026-05-17 17:56:49,151 INFO Ep 016 | tr_loss=1.3262 tr_acc=0.574 | vl_loss=2.3582 vl_acc=0.302
2026-05-17 17:56:49,835 INFO Ep 017 | tr_loss=1.3058 tr_acc=0.580 | vl_loss=2.3487 vl_acc=0.276
2026-05-17 17:56:50,505 INFO Ep 018 | tr_loss=1.3035 tr_acc=0.584 | vl_loss=2.6650 vl_acc=0.222
2026-05-17 17:56:51,182 INFO Ep 019 | tr_loss=1.2588 tr_acc=0.596 | vl_loss=2.4367 vl_acc=0.255
2026-05-17 17:56:51,857 INFO Ep 020 | tr_loss=1.2546 tr_acc=0.602 | vl_loss=2.5463 vl_acc=0.257
2026-05-17 17:56:52,545 INFO Ep 021 | tr_loss=1.2284 tr_acc=0.609 | vl_loss=2.6274 vl_acc=0.249
2026-05-17 17:56:52,546 INFO Early stop at epoch 21
2026-05-17 17:56:52,549 INFO Finetune best val_acc=0.342
2026-05-17 17:56:54,534 INFO 
Done. actbecalf_tstcc_cnn | dataset=actbecalf_windowed | encoder=cnn_tfc | method=tstcc | finetune=full | seed=2026 | acc=0.3844 | macro_f1=0.2225

=== P2: SSL + frozen variants for SimCLR/TFC/TSTCC consistency ===
2026-05-17 17:56:56,683 INFO Run dir: pretrain_ablations/runs/actbecalf_tstcc_cnn_freeze
2026-05-17 17:56:56,906 INFO Data: actbecalf_windowed | num_classes=16 C_in=3 T=75
2026-05-17 17:56:56,906 INFO Device: cuda
2026-05-17 17:56:56,979 INFO Encoder params: 99,648
2026-05-17 17:57:04,099 INFO Pretrain Ep 001/100 loss=4.1646 knn=0.786 (chance=0.062)
2026-05-17 17:57:10,184 INFO Pretrain Ep 002/100 loss=3.6671
2026-05-17 17:57:16,002 INFO Pretrain Ep 003/100 loss=3.5879
2026-05-17 17:57:21,962 INFO Pretrain Ep 004/100 loss=3.5478
2026-05-17 17:57:27,933 INFO Pretrain Ep 005/100 loss=3.5182 knn=0.798 (chance=0.062)
2026-05-17 17:57:33,896 INFO Pretrain Ep 006/100 loss=3.5009
2026-05-17 17:57:39,699 INFO Pretrain Ep 007/100 loss=3.4848
2026-05-17 17:57:45,619 INFO Pretrain Ep 008/100 loss=3.4725
2026-05-17 17:57:51,526 INFO Pretrain Ep 009/100 loss=3.4654
2026-05-17 17:57:57,684 INFO Pretrain Ep 010/100 loss=3.4590 knn=0.792 (chance=0.062)
2026-05-17 17:58:03,602 INFO Pretrain Ep 011/100 loss=3.4465
2026-05-17 17:58:09,593 INFO Pretrain Ep 012/100 loss=3.4425
2026-05-17 17:58:15,493 INFO Pretrain Ep 013/100 loss=3.4357
2026-05-17 17:58:21,304 INFO Pretrain Ep 014/100 loss=3.4296
2026-05-17 17:58:27,341 INFO Pretrain Ep 015/100 loss=3.4244 knn=0.798 (chance=0.062)
2026-05-17 17:58:33,233 INFO Pretrain Ep 016/100 loss=3.4201
2026-05-17 17:58:38,987 INFO Pretrain Ep 017/100 loss=3.4149
2026-05-17 17:58:44,846 INFO Pretrain Ep 018/100 loss=3.4160
2026-05-17 17:58:50,718 INFO Pretrain Ep 019/100 loss=3.4100
2026-05-17 17:58:56,969 INFO Pretrain Ep 020/100 loss=3.4097 knn=0.802 (chance=0.062)
2026-05-17 17:59:03,054 INFO Pretrain Ep 021/100 loss=3.4043
2026-05-17 17:59:08,882 INFO Pretrain Ep 022/100 loss=3.4015
2026-05-17 17:59:14,685 INFO Pretrain Ep 023/100 loss=3.4021
2026-05-17 17:59:20,777 INFO Pretrain Ep 024/100 loss=3.3964
2026-05-17 17:59:26,705 INFO Pretrain Ep 025/100 loss=3.3989 knn=0.794 (chance=0.062)
2026-05-17 17:59:32,658 INFO Pretrain Ep 026/100 loss=3.3927
2026-05-17 17:59:38,632 INFO Pretrain Ep 027/100 loss=3.3845
2026-05-17 17:59:44,460 INFO Pretrain Ep 028/100 loss=3.3898
2026-05-17 17:59:50,450 INFO Pretrain Ep 029/100 loss=3.3867
2026-05-17 17:59:56,597 INFO Pretrain Ep 030/100 loss=3.3823 knn=0.800 (chance=0.062)
2026-05-17 18:00:02,556 INFO Pretrain Ep 031/100 loss=3.3829
2026-05-17 18:00:08,491 INFO Pretrain Ep 032/100 loss=3.3814
2026-05-17 18:00:14,403 INFO Pretrain Ep 033/100 loss=3.3783
2026-05-17 18:00:20,313 INFO Pretrain Ep 034/100 loss=3.3758
2026-05-17 18:00:26,474 INFO Pretrain Ep 035/100 loss=3.3733 knn=0.802 (chance=0.062)
2026-05-17 18:00:32,461 INFO Pretrain Ep 036/100 loss=3.3714
2026-05-17 18:00:38,379 INFO Pretrain Ep 037/100 loss=3.3701
2026-05-17 18:00:44,368 INFO Pretrain Ep 038/100 loss=3.3728
2026-05-17 18:00:50,322 INFO Pretrain Ep 039/100 loss=3.3714
2026-05-17 18:00:56,458 INFO Pretrain Ep 040/100 loss=3.3698 knn=0.798 (chance=0.062)
2026-05-17 18:01:02,519 INFO Pretrain Ep 041/100 loss=3.3690
2026-05-17 18:01:08,518 INFO Pretrain Ep 042/100 loss=3.3650
2026-05-17 18:01:14,499 INFO Pretrain Ep 043/100 loss=3.3686
2026-05-17 18:01:20,339 INFO Pretrain Ep 044/100 loss=3.3638
2026-05-17 18:01:26,194 INFO Pretrain Ep 045/100 loss=3.3648 knn=0.800 (chance=0.062)
2026-05-17 18:01:32,185 INFO Pretrain Ep 046/100 loss=3.3621
2026-05-17 18:01:38,082 INFO Pretrain Ep 047/100 loss=3.3642
2026-05-17 18:01:44,034 INFO Pretrain Ep 048/100 loss=3.3609
2026-05-17 18:01:49,723 INFO Pretrain Ep 049/100 loss=3.3595
2026-05-17 18:01:55,766 INFO Pretrain Ep 050/100 loss=3.3608 knn=0.798 (chance=0.062)
2026-05-17 18:02:01,728 INFO Pretrain Ep 051/100 loss=3.3575
2026-05-17 18:02:07,544 INFO Pretrain Ep 052/100 loss=3.3554
2026-05-17 18:02:13,537 INFO Pretrain Ep 053/100 loss=3.3547
2026-05-17 18:02:19,578 INFO Pretrain Ep 054/100 loss=3.3529
2026-05-17 18:02:25,674 INFO Pretrain Ep 055/100 loss=3.3524 knn=0.798 (chance=0.062)
2026-05-17 18:02:31,549 INFO Pretrain Ep 056/100 loss=3.3545
2026-05-17 18:02:37,619 INFO Pretrain Ep 057/100 loss=3.3552
2026-05-17 18:02:43,455 INFO Pretrain Ep 058/100 loss=3.3510
2026-05-17 18:02:49,281 INFO Pretrain Ep 059/100 loss=3.3503
2026-05-17 18:02:55,331 INFO Pretrain Ep 060/100 loss=3.3546 knn=0.808 (chance=0.062)
2026-05-17 18:03:01,059 INFO Pretrain Ep 061/100 loss=3.3518
2026-05-17 18:03:06,932 INFO Pretrain Ep 062/100 loss=3.3535
2026-05-17 18:03:12,635 INFO Pretrain Ep 063/100 loss=3.3488
2026-05-17 18:03:18,689 INFO Pretrain Ep 064/100 loss=3.3457
2026-05-17 18:03:24,718 INFO Pretrain Ep 065/100 loss=3.3508 knn=0.808 (chance=0.062)
2026-05-17 18:03:30,653 INFO Pretrain Ep 066/100 loss=3.3446
2026-05-17 18:03:36,497 INFO Pretrain Ep 067/100 loss=3.3472
2026-05-17 18:03:42,527 INFO Pretrain Ep 068/100 loss=3.3478
2026-05-17 18:03:48,399 INFO Pretrain Ep 069/100 loss=3.3465
2026-05-17 18:03:54,368 INFO Pretrain Ep 070/100 loss=3.3445 knn=0.810 (chance=0.062)
2026-05-17 18:04:00,263 INFO Pretrain Ep 071/100 loss=3.3445
2026-05-17 18:04:06,208 INFO Pretrain Ep 072/100 loss=3.3406
2026-05-17 18:04:12,028 INFO Pretrain Ep 073/100 loss=3.3449
2026-05-17 18:04:17,896 INFO Pretrain Ep 074/100 loss=3.3437
2026-05-17 18:04:24,083 INFO Pretrain Ep 075/100 loss=3.3435 knn=0.800 (chance=0.062)
2026-05-17 18:04:30,153 INFO Pretrain Ep 076/100 loss=3.3437
2026-05-17 18:04:36,120 INFO Pretrain Ep 077/100 loss=3.3414
2026-05-17 18:04:42,015 INFO Pretrain Ep 078/100 loss=3.3438
2026-05-17 18:04:47,898 INFO Pretrain Ep 079/100 loss=3.3394
2026-05-17 18:04:53,865 INFO Pretrain Ep 080/100 loss=3.3411 knn=0.800 (chance=0.062)
2026-05-17 18:04:59,699 INFO Pretrain Ep 081/100 loss=3.3378
2026-05-17 18:05:05,483 INFO Pretrain Ep 082/100 loss=3.3353
2026-05-17 18:05:11,331 INFO Pretrain Ep 083/100 loss=3.3397
2026-05-17 18:05:17,223 INFO Pretrain Ep 084/100 loss=3.3414
2026-05-17 18:05:23,319 INFO Pretrain Ep 085/100 loss=3.3354 knn=0.798 (chance=0.062)
2026-05-17 18:05:29,268 INFO Pretrain Ep 086/100 loss=3.3382
2026-05-17 18:05:35,167 INFO Pretrain Ep 087/100 loss=3.3361
2026-05-17 18:05:41,071 INFO Pretrain Ep 088/100 loss=3.3387
2026-05-17 18:05:47,127 INFO Pretrain Ep 089/100 loss=3.3377
2026-05-17 18:05:53,333 INFO Pretrain Ep 090/100 loss=3.3352 knn=0.808 (chance=0.062)
2026-05-17 18:05:59,171 INFO Pretrain Ep 091/100 loss=3.3322
2026-05-17 18:06:05,131 INFO Pretrain Ep 092/100 loss=3.3385
2026-05-17 18:06:10,870 INFO Pretrain Ep 093/100 loss=3.3333
2026-05-17 18:06:16,731 INFO Pretrain Ep 094/100 loss=3.3394
2026-05-17 18:06:22,707 INFO Pretrain Ep 095/100 loss=3.3367 knn=0.804 (chance=0.062)
2026-05-17 18:06:28,696 INFO Pretrain Ep 096/100 loss=3.3364
2026-05-17 18:06:34,692 INFO Pretrain Ep 097/100 loss=3.3380
2026-05-17 18:06:40,569 INFO Pretrain Ep 098/100 loss=3.3341
2026-05-17 18:06:46,461 INFO Pretrain Ep 099/100 loss=3.3338
2026-05-17 18:06:52,539 INFO Pretrain Ep 100/100 loss=3.3298 knn=0.808 (chance=0.062)
2026-05-17 18:06:53,834 INFO Post-pretrain t-SNE saved. best_knn=0.810
2026-05-17 18:06:54,717 INFO Ep 001 | tr_loss=2.1558 tr_acc=0.315 | vl_loss=2.3972 vl_acc=0.171
2026-05-17 18:06:55,280 INFO Ep 002 | tr_loss=1.9507 tr_acc=0.369 | vl_loss=2.4235 vl_acc=0.196
2026-05-17 18:06:55,837 INFO Ep 003 | tr_loss=1.8795 tr_acc=0.378 | vl_loss=2.3607 vl_acc=0.213
2026-05-17 18:06:56,396 INFO Ep 004 | tr_loss=1.8486 tr_acc=0.389 | vl_loss=2.3559 vl_acc=0.232
2026-05-17 18:06:56,967 INFO Ep 005 | tr_loss=1.8123 tr_acc=0.393 | vl_loss=2.3525 vl_acc=0.232
2026-05-17 18:06:57,547 INFO Ep 006 | tr_loss=1.8011 tr_acc=0.397 | vl_loss=2.3436 vl_acc=0.224
2026-05-17 18:06:58,099 INFO Ep 007 | tr_loss=1.7884 tr_acc=0.400 | vl_loss=2.3260 vl_acc=0.196
2026-05-17 18:06:58,663 INFO Ep 008 | tr_loss=1.7565 tr_acc=0.402 | vl_loss=2.3540 vl_acc=0.228
2026-05-17 18:06:59,225 INFO Ep 009 | tr_loss=1.7572 tr_acc=0.409 | vl_loss=2.2829 vl_acc=0.224
2026-05-17 18:06:59,772 INFO Ep 010 | tr_loss=1.7624 tr_acc=0.407 | vl_loss=2.3581 vl_acc=0.179
2026-05-17 18:07:00,337 INFO Ep 011 | tr_loss=1.7454 tr_acc=0.399 | vl_loss=2.3455 vl_acc=0.186
2026-05-17 18:07:00,912 INFO Ep 012 | tr_loss=1.7295 tr_acc=0.410 | vl_loss=2.2999 vl_acc=0.234
2026-05-17 18:07:01,469 INFO Ep 013 | tr_loss=1.7120 tr_acc=0.407 | vl_loss=2.2799 vl_acc=0.208
2026-05-17 18:07:02,022 INFO Ep 014 | tr_loss=1.7114 tr_acc=0.411 | vl_loss=2.3421 vl_acc=0.215
2026-05-17 18:07:02,574 INFO Ep 015 | tr_loss=1.7131 tr_acc=0.411 | vl_loss=2.3321 vl_acc=0.257
2026-05-17 18:07:03,138 INFO Ep 016 | tr_loss=1.7056 tr_acc=0.416 | vl_loss=2.3482 vl_acc=0.201
2026-05-17 18:07:03,700 INFO Ep 017 | tr_loss=1.6969 tr_acc=0.424 | vl_loss=2.3588 vl_acc=0.184
2026-05-17 18:07:04,261 INFO Ep 018 | tr_loss=1.7009 tr_acc=0.419 | vl_loss=2.3928 vl_acc=0.228
2026-05-17 18:07:04,809 INFO Ep 019 | tr_loss=1.6901 tr_acc=0.419 | vl_loss=2.2852 vl_acc=0.286
2026-05-17 18:07:05,375 INFO Ep 020 | tr_loss=1.6621 tr_acc=0.431 | vl_loss=2.3657 vl_acc=0.210
2026-05-17 18:07:05,928 INFO Ep 021 | tr_loss=1.6504 tr_acc=0.430 | vl_loss=2.3461 vl_acc=0.203
2026-05-17 18:07:06,481 INFO Ep 022 | tr_loss=1.6701 tr_acc=0.432 | vl_loss=2.3164 vl_acc=0.258
2026-05-17 18:07:07,031 INFO Ep 023 | tr_loss=1.6568 tr_acc=0.434 | vl_loss=2.3270 vl_acc=0.242
2026-05-17 18:07:07,585 INFO Ep 024 | tr_loss=1.6496 tr_acc=0.436 | vl_loss=2.3554 vl_acc=0.210
2026-05-17 18:07:08,140 INFO Ep 025 | tr_loss=1.6539 tr_acc=0.437 | vl_loss=2.3835 vl_acc=0.228
2026-05-17 18:07:08,689 INFO Ep 026 | tr_loss=1.6374 tr_acc=0.440 | vl_loss=2.3837 vl_acc=0.218
2026-05-17 18:07:09,253 INFO Ep 027 | tr_loss=1.6301 tr_acc=0.433 | vl_loss=2.3696 vl_acc=0.223
2026-05-17 18:07:09,803 INFO Ep 028 | tr_loss=1.6142 tr_acc=0.442 | vl_loss=2.3710 vl_acc=0.215
2026-05-17 18:07:10,369 INFO Ep 029 | tr_loss=1.6018 tr_acc=0.439 | vl_loss=2.3812 vl_acc=0.211
2026-05-17 18:07:10,923 INFO Ep 030 | tr_loss=1.6283 tr_acc=0.438 | vl_loss=2.4032 vl_acc=0.200
2026-05-17 18:07:11,473 INFO Ep 031 | tr_loss=1.6147 tr_acc=0.443 | vl_loss=2.3740 vl_acc=0.213
2026-05-17 18:07:12,039 INFO Ep 032 | tr_loss=1.6075 tr_acc=0.442 | vl_loss=2.3780 vl_acc=0.201
2026-05-17 18:07:12,597 INFO Ep 033 | tr_loss=1.6164 tr_acc=0.445 | vl_loss=2.3858 vl_acc=0.196
2026-05-17 18:07:13,147 INFO Ep 034 | tr_loss=1.6086 tr_acc=0.444 | vl_loss=2.3850 vl_acc=0.199
2026-05-17 18:07:13,147 INFO Early stop at epoch 34
2026-05-17 18:07:13,150 INFO Finetune best val_acc=0.286
2026-05-17 18:07:14,927 INFO 
Done. actbecalf_tstcc_cnn_freeze | dataset=actbecalf_windowed | encoder=cnn_tfc | method=tstcc | finetune=freeze | seed=2026 | acc=0.3191 | macro_f1=0.1976
2026-05-17 18:07:17,118 INFO Run dir: pretrain_ablations/runs/actbecalf_simclr_cnn_full
2026-05-17 18:07:17,336 INFO Data: actbecalf_windowed | num_classes=16 C_in=3 T=75
2026-05-17 18:07:17,337 INFO Device: cuda
2026-05-17 18:07:17,411 INFO Encoder params: 99,648
2026-05-17 18:07:23,810 INFO Pretrain Ep 001/100 loss=4.0887 knn=0.794 (chance=0.062)
2026-05-17 18:07:29,298 INFO Pretrain Ep 002/100 loss=3.5670
2026-05-17 18:07:34,599 INFO Pretrain Ep 003/100 loss=3.4818
2026-05-17 18:07:39,772 INFO Pretrain Ep 004/100 loss=3.4378
2026-05-17 18:07:45,331 INFO Pretrain Ep 005/100 loss=3.4046 knn=0.800 (chance=0.062)
2026-05-17 18:07:50,567 INFO Pretrain Ep 006/100 loss=3.3883
2026-05-17 18:07:55,776 INFO Pretrain Ep 007/100 loss=3.3659
2026-05-17 18:08:01,018 INFO Pretrain Ep 008/100 loss=3.3589
2026-05-17 18:08:06,302 INFO Pretrain Ep 009/100 loss=3.3456
2026-05-17 18:08:11,697 INFO Pretrain Ep 010/100 loss=3.3361 knn=0.800 (chance=0.062)
2026-05-17 18:08:16,920 INFO Pretrain Ep 011/100 loss=3.3229
2026-05-17 18:08:22,193 INFO Pretrain Ep 012/100 loss=3.3155
2026-05-17 18:08:27,300 INFO Pretrain Ep 013/100 loss=3.3116
2026-05-17 18:08:32,633 INFO Pretrain Ep 014/100 loss=3.3062
2026-05-17 18:08:38,111 INFO Pretrain Ep 015/100 loss=3.2999 knn=0.792 (chance=0.062)
2026-05-17 18:08:43,425 INFO Pretrain Ep 016/100 loss=3.2983
2026-05-17 18:08:48,779 INFO Pretrain Ep 017/100 loss=3.2957
2026-05-17 18:08:54,231 INFO Pretrain Ep 018/100 loss=3.2874
2026-05-17 18:08:59,444 INFO Pretrain Ep 019/100 loss=3.2840
2026-05-17 18:09:04,925 INFO Pretrain Ep 020/100 loss=3.2792 knn=0.802 (chance=0.062)
2026-05-17 18:09:10,035 INFO Pretrain Ep 021/100 loss=3.2690
2026-05-17 18:09:15,247 INFO Pretrain Ep 022/100 loss=3.2704
2026-05-17 18:09:20,537 INFO Pretrain Ep 023/100 loss=3.2714
2026-05-17 18:09:25,772 INFO Pretrain Ep 024/100 loss=3.2668
2026-05-17 18:09:31,230 INFO Pretrain Ep 025/100 loss=3.2672 knn=0.790 (chance=0.062)
2026-05-17 18:09:36,436 INFO Pretrain Ep 026/100 loss=3.2631
2026-05-17 18:09:41,720 INFO Pretrain Ep 027/100 loss=3.2574
2026-05-17 18:09:46,987 INFO Pretrain Ep 028/100 loss=3.2597
2026-05-17 18:09:52,267 INFO Pretrain Ep 029/100 loss=3.2558
2026-05-17 18:09:57,792 INFO Pretrain Ep 030/100 loss=3.2541 knn=0.796 (chance=0.062)
2026-05-17 18:10:03,262 INFO Pretrain Ep 031/100 loss=3.2503
2026-05-17 18:10:08,452 INFO Pretrain Ep 032/100 loss=3.2489
2026-05-17 18:10:13,790 INFO Pretrain Ep 033/100 loss=3.2472
2026-05-17 18:10:19,090 INFO Pretrain Ep 034/100 loss=3.2404
2026-05-17 18:10:24,657 INFO Pretrain Ep 035/100 loss=3.2457 knn=0.798 (chance=0.062)
2026-05-17 18:10:30,023 INFO Pretrain Ep 036/100 loss=3.2439
2026-05-17 18:10:35,196 INFO Pretrain Ep 037/100 loss=3.2438
2026-05-17 18:10:40,379 INFO Pretrain Ep 038/100 loss=3.2414
2026-05-17 18:10:45,663 INFO Pretrain Ep 039/100 loss=3.2400
2026-05-17 18:10:51,272 INFO Pretrain Ep 040/100 loss=3.2409 knn=0.800 (chance=0.062)
2026-05-17 18:10:56,509 INFO Pretrain Ep 041/100 loss=3.2363
2026-05-17 18:11:01,841 INFO Pretrain Ep 042/100 loss=3.2362
2026-05-17 18:11:07,206 INFO Pretrain Ep 043/100 loss=3.2355
2026-05-17 18:11:12,512 INFO Pretrain Ep 044/100 loss=3.2389
2026-05-17 18:11:18,022 INFO Pretrain Ep 045/100 loss=3.2328 knn=0.796 (chance=0.062)
2026-05-17 18:11:23,305 INFO Pretrain Ep 046/100 loss=3.2305
2026-05-17 18:11:28,646 INFO Pretrain Ep 047/100 loss=3.2316
2026-05-17 18:11:33,973 INFO Pretrain Ep 048/100 loss=3.2322
2026-05-17 18:11:39,205 INFO Pretrain Ep 049/100 loss=3.2287
2026-05-17 18:11:44,749 INFO Pretrain Ep 050/100 loss=3.2278 knn=0.792 (chance=0.062)
2026-05-17 18:11:50,038 INFO Pretrain Ep 051/100 loss=3.2278
2026-05-17 18:11:55,318 INFO Pretrain Ep 052/100 loss=3.2236
2026-05-17 18:12:00,648 INFO Pretrain Ep 053/100 loss=3.2231
2026-05-17 18:12:05,983 INFO Pretrain Ep 054/100 loss=3.2228
2026-05-17 18:12:11,365 INFO Pretrain Ep 055/100 loss=3.2214 knn=0.792 (chance=0.062)
2026-05-17 18:12:16,691 INFO Pretrain Ep 056/100 loss=3.2232
2026-05-17 18:12:22,042 INFO Pretrain Ep 057/100 loss=3.2203
2026-05-17 18:12:27,484 INFO Pretrain Ep 058/100 loss=3.2205
2026-05-17 18:12:32,697 INFO Pretrain Ep 059/100 loss=3.2206
2026-05-17 18:12:38,209 INFO Pretrain Ep 060/100 loss=3.2228 knn=0.796 (chance=0.062)
2026-05-17 18:12:43,573 INFO Pretrain Ep 061/100 loss=3.2187
2026-05-17 18:12:49,015 INFO Pretrain Ep 062/100 loss=3.2223
2026-05-17 18:12:54,320 INFO Pretrain Ep 063/100 loss=3.2194
2026-05-17 18:12:59,686 INFO Pretrain Ep 064/100 loss=3.2131
2026-05-17 18:13:05,132 INFO Pretrain Ep 065/100 loss=3.2139 knn=0.790 (chance=0.062)
2026-05-17 18:13:10,370 INFO Pretrain Ep 066/100 loss=3.2138
2026-05-17 18:13:15,552 INFO Pretrain Ep 067/100 loss=3.2136
2026-05-17 18:13:20,873 INFO Pretrain Ep 068/100 loss=3.2126
2026-05-17 18:13:26,154 INFO Pretrain Ep 069/100 loss=3.2130
2026-05-17 18:13:31,597 INFO Pretrain Ep 070/100 loss=3.2110 knn=0.794 (chance=0.062)
2026-05-17 18:13:36,838 INFO Pretrain Ep 071/100 loss=3.2089
2026-05-17 18:13:42,193 INFO Pretrain Ep 072/100 loss=3.2133
2026-05-17 18:13:47,383 INFO Pretrain Ep 073/100 loss=3.2138
2026-05-17 18:13:52,608 INFO Pretrain Ep 074/100 loss=3.2110
2026-05-17 18:13:57,993 INFO Pretrain Ep 075/100 loss=3.2109 knn=0.800 (chance=0.062)
2026-05-17 18:14:03,296 INFO Pretrain Ep 076/100 loss=3.2102
2026-05-17 18:14:08,591 INFO Pretrain Ep 077/100 loss=3.2088
2026-05-17 18:14:13,781 INFO Pretrain Ep 078/100 loss=3.2066
2026-05-17 18:14:19,152 INFO Pretrain Ep 079/100 loss=3.2040
2026-05-17 18:14:24,680 INFO Pretrain Ep 080/100 loss=3.2042 knn=0.794 (chance=0.062)
2026-05-17 18:14:30,107 INFO Pretrain Ep 081/100 loss=3.2063
2026-05-17 18:14:35,344 INFO Pretrain Ep 082/100 loss=3.1997
2026-05-17 18:14:40,564 INFO Pretrain Ep 083/100 loss=3.2040
2026-05-17 18:14:45,852 INFO Pretrain Ep 084/100 loss=3.2050
2026-05-17 18:14:51,420 INFO Pretrain Ep 085/100 loss=3.2042 knn=0.788 (chance=0.062)
2026-05-17 18:14:56,686 INFO Pretrain Ep 086/100 loss=3.2057
2026-05-17 18:15:01,797 INFO Pretrain Ep 087/100 loss=3.2030
2026-05-17 18:15:07,032 INFO Pretrain Ep 088/100 loss=3.2008
2026-05-17 18:15:12,223 INFO Pretrain Ep 089/100 loss=3.2055
2026-05-17 18:15:17,650 INFO Pretrain Ep 090/100 loss=3.2005 knn=0.798 (chance=0.062)
2026-05-17 18:15:22,774 INFO Pretrain Ep 091/100 loss=3.2009
2026-05-17 18:15:27,972 INFO Pretrain Ep 092/100 loss=3.2026
2026-05-17 18:15:33,187 INFO Pretrain Ep 093/100 loss=3.1994
2026-05-17 18:15:38,281 INFO Pretrain Ep 094/100 loss=3.2004
2026-05-17 18:15:43,723 INFO Pretrain Ep 095/100 loss=3.1967 knn=0.796 (chance=0.062)
2026-05-17 18:15:49,055 INFO Pretrain Ep 096/100 loss=3.1999
2026-05-17 18:15:54,348 INFO Pretrain Ep 097/100 loss=3.1991
2026-05-17 18:15:59,577 INFO Pretrain Ep 098/100 loss=3.1959
2026-05-17 18:16:04,919 INFO Pretrain Ep 099/100 loss=3.1952
2026-05-17 18:16:10,291 INFO Pretrain Ep 100/100 loss=3.1917 knn=0.796 (chance=0.062)
2026-05-17 18:16:11,589 INFO Post-pretrain t-SNE saved. best_knn=0.802
2026-05-17 18:16:12,615 INFO Ep 001 | tr_loss=2.1404 tr_acc=0.342 | vl_loss=2.3677 vl_acc=0.307
2026-05-17 18:16:13,306 INFO Ep 002 | tr_loss=1.8588 tr_acc=0.425 | vl_loss=2.2346 vl_acc=0.272
2026-05-17 18:16:13,997 INFO Ep 003 | tr_loss=1.7147 tr_acc=0.472 | vl_loss=2.5238 vl_acc=0.190
2026-05-17 18:16:14,688 INFO Ep 004 | tr_loss=1.6829 tr_acc=0.481 | vl_loss=2.2980 vl_acc=0.250
2026-05-17 18:16:15,385 INFO Ep 005 | tr_loss=1.6401 tr_acc=0.487 | vl_loss=2.3072 vl_acc=0.271
2026-05-17 18:16:16,074 INFO Ep 006 | tr_loss=1.6178 tr_acc=0.498 | vl_loss=2.1518 vl_acc=0.351
2026-05-17 18:16:16,754 INFO Ep 007 | tr_loss=1.5961 tr_acc=0.511 | vl_loss=2.3298 vl_acc=0.243
2026-05-17 18:16:17,449 INFO Ep 008 | tr_loss=1.5564 tr_acc=0.502 | vl_loss=2.4685 vl_acc=0.284
2026-05-17 18:16:18,133 INFO Ep 009 | tr_loss=1.5508 tr_acc=0.520 | vl_loss=2.2998 vl_acc=0.338
2026-05-17 18:16:18,825 INFO Ep 010 | tr_loss=1.5178 tr_acc=0.524 | vl_loss=2.1738 vl_acc=0.323
2026-05-17 18:16:19,532 INFO Ep 011 | tr_loss=1.4959 tr_acc=0.524 | vl_loss=2.3079 vl_acc=0.344
2026-05-17 18:16:20,219 INFO Ep 012 | tr_loss=1.4865 tr_acc=0.531 | vl_loss=2.2585 vl_acc=0.258
2026-05-17 18:16:20,911 INFO Ep 013 | tr_loss=1.4163 tr_acc=0.545 | vl_loss=2.1449 vl_acc=0.341
2026-05-17 18:16:21,594 INFO Ep 014 | tr_loss=1.4102 tr_acc=0.557 | vl_loss=2.1912 vl_acc=0.367
2026-05-17 18:16:22,287 INFO Ep 015 | tr_loss=1.3774 tr_acc=0.564 | vl_loss=2.2878 vl_acc=0.356
2026-05-17 18:16:22,963 INFO Ep 016 | tr_loss=1.3943 tr_acc=0.565 | vl_loss=2.1511 vl_acc=0.361
2026-05-17 18:16:23,650 INFO Ep 017 | tr_loss=1.3464 tr_acc=0.577 | vl_loss=2.2217 vl_acc=0.339
2026-05-17 18:16:24,336 INFO Ep 018 | tr_loss=1.3482 tr_acc=0.570 | vl_loss=2.2509 vl_acc=0.340
2026-05-17 18:16:25,013 INFO Ep 019 | tr_loss=1.3530 tr_acc=0.583 | vl_loss=2.1396 vl_acc=0.341
2026-05-17 18:16:25,697 INFO Ep 020 | tr_loss=1.3273 tr_acc=0.584 | vl_loss=2.2866 vl_acc=0.340
2026-05-17 18:16:26,375 INFO Ep 021 | tr_loss=1.3213 tr_acc=0.586 | vl_loss=2.1481 vl_acc=0.361
2026-05-17 18:16:27,058 INFO Ep 022 | tr_loss=1.3312 tr_acc=0.588 | vl_loss=2.4412 vl_acc=0.292
2026-05-17 18:16:27,732 INFO Ep 023 | tr_loss=1.3325 tr_acc=0.588 | vl_loss=2.2544 vl_acc=0.331
2026-05-17 18:16:28,427 INFO Ep 024 | tr_loss=1.3076 tr_acc=0.591 | vl_loss=2.2383 vl_acc=0.338
2026-05-17 18:16:29,119 INFO Ep 025 | tr_loss=1.2927 tr_acc=0.589 | vl_loss=2.3101 vl_acc=0.354
2026-05-17 18:16:29,818 INFO Ep 026 | tr_loss=1.2736 tr_acc=0.608 | vl_loss=2.3876 vl_acc=0.345
2026-05-17 18:16:30,501 INFO Ep 027 | tr_loss=1.2257 tr_acc=0.606 | vl_loss=2.3714 vl_acc=0.363
2026-05-17 18:16:31,183 INFO Ep 028 | tr_loss=1.2235 tr_acc=0.620 | vl_loss=2.3192 vl_acc=0.377
2026-05-17 18:16:31,856 INFO Ep 029 | tr_loss=1.2257 tr_acc=0.624 | vl_loss=2.4211 vl_acc=0.343
2026-05-17 18:16:32,550 INFO Ep 030 | tr_loss=1.2278 tr_acc=0.615 | vl_loss=2.5583 vl_acc=0.365
2026-05-17 18:16:33,212 INFO Ep 031 | tr_loss=1.2097 tr_acc=0.618 | vl_loss=2.3962 vl_acc=0.368
2026-05-17 18:16:33,895 INFO Ep 032 | tr_loss=1.1813 tr_acc=0.630 | vl_loss=2.4254 vl_acc=0.359
2026-05-17 18:16:34,573 INFO Ep 033 | tr_loss=1.1897 tr_acc=0.629 | vl_loss=2.4470 vl_acc=0.355
2026-05-17 18:16:35,241 INFO Ep 034 | tr_loss=1.1815 tr_acc=0.629 | vl_loss=2.4076 vl_acc=0.372
2026-05-17 18:16:35,928 INFO Ep 035 | tr_loss=1.1612 tr_acc=0.631 | vl_loss=2.4968 vl_acc=0.368
2026-05-17 18:16:36,619 INFO Ep 036 | tr_loss=1.1754 tr_acc=0.635 | vl_loss=2.3355 vl_acc=0.378
2026-05-17 18:16:37,309 INFO Ep 037 | tr_loss=1.1613 tr_acc=0.633 | vl_loss=2.4819 vl_acc=0.365
2026-05-17 18:16:37,992 INFO Ep 038 | tr_loss=1.1482 tr_acc=0.639 | vl_loss=2.4560 vl_acc=0.378
2026-05-17 18:16:38,674 INFO Ep 039 | tr_loss=1.1562 tr_acc=0.636 | vl_loss=2.4513 vl_acc=0.369
2026-05-17 18:16:39,339 INFO Ep 040 | tr_loss=1.1405 tr_acc=0.643 | vl_loss=2.4176 vl_acc=0.368
2026-05-17 18:16:40,017 INFO Ep 041 | tr_loss=1.1446 tr_acc=0.639 | vl_loss=2.4509 vl_acc=0.376
2026-05-17 18:16:40,680 INFO Ep 042 | tr_loss=1.1596 tr_acc=0.641 | vl_loss=2.4805 vl_acc=0.351
2026-05-17 18:16:41,370 INFO Ep 043 | tr_loss=1.1438 tr_acc=0.635 | vl_loss=2.5855 vl_acc=0.368
2026-05-17 18:16:42,048 INFO Ep 044 | tr_loss=1.1404 tr_acc=0.642 | vl_loss=2.5456 vl_acc=0.360
2026-05-17 18:16:42,726 INFO Ep 045 | tr_loss=1.1312 tr_acc=0.642 | vl_loss=2.5533 vl_acc=0.353
2026-05-17 18:16:43,410 INFO Ep 046 | tr_loss=1.1261 tr_acc=0.643 | vl_loss=2.4983 vl_acc=0.369
2026-05-17 18:16:44,084 INFO Ep 047 | tr_loss=1.1371 tr_acc=0.642 | vl_loss=2.5009 vl_acc=0.363
2026-05-17 18:16:44,778 INFO Ep 048 | tr_loss=1.1412 tr_acc=0.641 | vl_loss=2.4744 vl_acc=0.368
2026-05-17 18:16:45,463 INFO Ep 049 | tr_loss=1.1287 tr_acc=0.646 | vl_loss=2.4913 vl_acc=0.365
2026-05-17 18:16:46,124 INFO Ep 050 | tr_loss=1.1376 tr_acc=0.643 | vl_loss=2.5184 vl_acc=0.363
2026-05-17 18:16:46,801 INFO Ep 051 | tr_loss=1.1258 tr_acc=0.644 | vl_loss=2.5281 vl_acc=0.364
2026-05-17 18:16:47,499 INFO Ep 052 | tr_loss=1.1170 tr_acc=0.647 | vl_loss=2.5333 vl_acc=0.360
2026-05-17 18:16:48,192 INFO Ep 053 | tr_loss=1.1343 tr_acc=0.643 | vl_loss=2.5608 vl_acc=0.362
2026-05-17 18:16:48,192 INFO Early stop at epoch 53
2026-05-17 18:16:48,196 INFO Finetune best val_acc=0.378
2026-05-17 18:16:50,024 INFO 
Done. actbecalf_simclr_cnn_full | dataset=actbecalf_windowed | encoder=cnn_tfc | method=simclr | finetune=full | seed=2026 | acc=0.4308 | macro_f1=0.2530

=== Aggregation ===
Wrote 10 runs to pretrain_ablations/results/summary.csv

run_id                                   encoder      method       finetune     acc    macro_f1
----------------------------------------------------------------------------------------------------
actbecalf_mae_ptst                       patchtst     mae          freeze       0.5225 0.256965
actbecalf_simclr_cnn                     cnn_tfc      simclr       freeze       0.3626 0.198279
actbecalf_simclr_cnn_full                cnn_tfc      simclr       full         0.4308 0.252980
actbecalf_sup_cnn                        cnn_tfc      supervised   full         0.4819 0.301717
actbecalf_sup_pmix                       patchtsmixer supervised   full         0.5398 0.269174
actbecalf_sup_ptst                       patchtst     supervised   full         0.4875 0.242272
actbecalf_sup_resnet                     resnet1d     supervised   full         0.4814 0.288542
actbecalf_tfc_cnn                        cnn_tfc      tfc          freeze       0.4406 0.281614
actbecalf_tstcc_cnn                      cnn_tfc      tstcc        full         0.3844 0.222543
actbecalf_tstcc_cnn_freeze               cnn_tfc      tstcc        freeze       0.3190 0.197584

=== AcTBeCalf ablation done: dom 17 mai 2026 18:16:50 -03 ===
